[1;33mGenerating CMake toolchain file...[0m
[0;32mToolchain file created: /home/xiao/project/vehicle-system/Middleware/toolchain.cmake[0m
[1;33mBuilding Applications...[0m
-- Configuring body_control application
-- Middleware include path: /home/xiao/project/vehicle-system/output/middleware/include
-- Middleware library: /home/xiao/project/vehicle-system/output/middleware/lib/libVehicleMiddleware.a
-- Configuring powertrain application
-- Middleware include path: /home/xiao/project/vehicle-system/output/middleware/include
-- Middleware library: /home/xiao/project/vehicle-system/output/middleware/lib/libVehicleMiddleware.a
-- Configuring done (0.0s)
-- Generating done (0.0s)
-- Build files have been written to: /home/xiao/project/vehicle-system/app/build
[ 16%] Building CXX object body_control/CMakeFiles/body_control.dir/body_control.cpp.o
[ 50%] Linking CXX executable powertrain
[ 50%] Linking CXX executable dashboard
/home/xiao/project/vehicle-system/output/middleware/lib/libVehicleCommunicationAPI.a(VehicleCommunicationAPI.cpp.o): In function `VehicleCommunicationAPI::start()':
VehicleCommunicationAPI.cpp:(.text+0xb6e): undefined reference to `shm_open'
collect2: error: ld returned 1 exit status
make[2]: *** [brake_system/CMakeFiles/powertrain.dir/build.make:98: brake_system/powertrain] Error 1
make[1]: *** [CMakeFiles/Makefile2:187: brake_system/CMakeFiles/powertrain.dir/all] Error 2
make[1]: *** Waiting for unfinished jobs....
/home/xiao/project/vehicle-system/output/middleware/lib/libVehicleCommunicationAPI.a(VehicleCommunicationAPI.cpp.o): In function `VehicleCommunicationAPI::start()':
VehicleCommunicationAPI.cpp:(.text+0xb6e): undefined reference to `shm_open'
collect2: error: ld returned 1 exit status
make[2]: *** [dashboard/CMakeFiles/dashboard.dir/build.make:98: dashboard/dashboard] Error 1
make[1]: *** [CMakeFiles/Makefile2:213: dashboard/CMakeFiles/dashboard.dir/all] Error 2
/home/xiao/project/vehicle-system/app/body_control/body_control.cpp: In function ‘void doorStatusHandler(const string&, double, const string&)’:
/home/xiao/project/vehicle-system/app/body_control/body_control.cpp:11:41: error: request for member ‘c_str’ in ‘value’, which is of non-class type ‘double’
     double numValue = std::strtod(value.c_str(), &end);
                                         ^
/home/xiao/project/vehicle-system/app/body_control/body_control.cpp:12:22: error: request for member ‘c_str’ in ‘value’, which is of non-class type ‘double’
     if (end == value.c_str() || *end != '\0') {
                      ^
/home/xiao/project/vehicle-system/app/body_control/body_control.cpp:17:51: error: ‘name’ was not declared in this scope
     std::cout << "[BodyControl] Door Status: " << name << " = " << (status ? "OPEN" : "CLOSED") << std::endl;
                                                   ^
/home/xiao/project/vehicle-system/app/body_control/body_control.cpp: In function ‘void windowStatusHandler(const string&, double, const string&)’:
/home/xiao/project/vehicle-system/app/body_control/body_control.cpp:22:41: error: request for member ‘c_str’ in ‘value’, which is of non-class type ‘double’
     double position = std::strtod(value.c_str(), &end);
                                         ^
/home/xiao/project/vehicle-system/app/body_control/body_control.cpp:23:22: error: request for member ‘c_str’ in ‘value’, which is of non-class type ‘double’
     if (end == value.c_str() || *end != '\0') {
                      ^
/home/xiao/project/vehicle-system/app/body_control/body_control.cpp:27:46: error: ‘name’ was not declared in this scope
     std::cout << "[BodyControl] Window: " << name << " = " << position << unit << std::endl;
                                              ^
/home/xiao/project/vehicle-system/app/body_control/body_control.cpp: In function ‘void lightingHandler(const string&, double, const string&)’:
/home/xiao/project/vehicle-system/app/body_control/body_control.cpp:32:41: error: request for member ‘c_str’ in ‘value’, which is of non-class type ‘double’
     double numValue = std::strtod(value.c_str(), &end);
                                         ^
/home/xiao/project/vehicle-system/app/body_control/body_control.cpp:33:22: error: request for member ‘c_str’ in ‘value’, which is of non-class type ‘double’
     if (end == value.c_str() || *end != '\0') {
                      ^
/home/xiao/project/vehicle-system/app/body_control/body_control.cpp:38:48: error: ‘name’ was not declared in this scope
     std::cout << "[BodyControl] Lighting: " << name << " = " << (status ? "ON" : "OFF") << std::endl;
                                                ^
/home/xiao/project/vehicle-system/app/body_control/body_control.cpp: In lambda function:
/home/xiao/project/vehicle-system/app/body_control/body_control.cpp:56:34: error: cannot convert ‘const string {aka const std::basic_string<char>}’ to ‘double’ for argument ‘2’ to ‘void doorStatusHandler(const string&, double, const string&)’
         doorStatusHandler(n, v, u);
                                  ^
/home/xiao/project/vehicle-system/app/body_control/body_control.cpp: In function ‘int main()’:
/home/xiao/project/vehicle-system/app/body_control/body_control.cpp:57:6: error: no matching function for call to ‘VehicleCommunicationAPI::registerSignalHandler(const char [12], main()::<lambda(const string&, std::string, const string&)>)’
     });
      ^
/home/xiao/project/vehicle-system/app/body_control/body_control.cpp:57:6: note: candidate is:
In file included from /home/xiao/project/vehicle-system/app/body_control/body_control.cpp:1:0:
/home/xiao/project/vehicle-system/output/middleware/include/VehicleCommunicationAPI.h:31:10: note: void VehicleCommunicationAPI::registerSignalHandler(const string&, VehicleCommunicationAPI::SignalCallback)
     void registerSignalHandler(const std::string& signal_name, SignalCallback callback);
          ^
/home/xiao/project/vehicle-system/output/middleware/include/VehicleCommunicationAPI.h:31:10: note:   no known conversion for argument 2 from ‘main()::<lambda(const string&, std::string, const string&)>’ to ‘VehicleCommunicationAPI::SignalCallback {aka std::function<void(const std::basic_string<char>&, double, const std::basic_string<char>&)>}’
/home/xiao/project/vehicle-system/app/body_control/body_control.cpp: In lambda function:
/home/xiao/project/vehicle-system/app/body_control/body_control.cpp:59:34: error: cannot convert ‘const string {aka const std::basic_string<char>}’ to ‘double’ for argument ‘2’ to ‘void doorStatusHandler(const string&, double, const string&)’
         doorStatusHandler(n, v, u);
                                  ^
/home/xiao/project/vehicle-system/app/body_control/body_control.cpp: In function ‘int main()’:
/home/xiao/project/vehicle-system/app/body_control/body_control.cpp:60:6: error: no matching function for call to ‘VehicleCommunicationAPI::registerSignalHandler(const char [15], main()::<lambda(const string&, std::string, const string&)>)’
     });
      ^
/home/xiao/project/vehicle-system/app/body_control/body_control.cpp:60:6: note: candidate is:
In file included from /home/xiao/project/vehicle-system/app/body_control/body_control.cpp:1:0:
/home/xiao/project/vehicle-system/output/middleware/include/VehicleCommunicationAPI.h:31:10: note: void VehicleCommunicationAPI::registerSignalHandler(const string&, VehicleCommunicationAPI::SignalCallback)
     void registerSignalHandler(const std::string& signal_name, SignalCallback callback);
          ^
/home/xiao/project/vehicle-system/output/middleware/include/VehicleCommunicationAPI.h:31:10: note:   no known conversion for argument 2 from ‘main()::<lambda(const string&, std::string, const string&)>’ to ‘VehicleCommunicationAPI::SignalCallback {aka std::function<void(const std::basic_string<char>&, double, const std::basic_string<char>&)>}’
/home/xiao/project/vehicle-system/app/body_control/body_control.cpp: In lambda function:
/home/xiao/project/vehicle-system/app/body_control/body_control.cpp:62:34: error: cannot convert ‘const string {aka const std::basic_string<char>}’ to ‘double’ for argument ‘2’ to ‘void doorStatusHandler(const string&, double, const string&)’
         doorStatusHandler(n, v, u);
                                  ^
/home/xiao/project/vehicle-system/app/body_control/body_control.cpp: In function ‘int main()’:
/home/xiao/project/vehicle-system/app/body_control/body_control.cpp:63:6: error: no matching function for call to ‘VehicleCommunicationAPI::registerSignalHandler(const char [6], main()::<lambda(const string&, std::string, const string&)>)’
     });
      ^
/home/xiao/project/vehicle-system/app/body_control/body_control.cpp:63:6: note: candidate is:
In file included from /home/xiao/project/vehicle-system/app/body_control/body_control.cpp:1:0:
/home/xiao/project/vehicle-system/output/middleware/include/VehicleCommunicationAPI.h:31:10: note: void VehicleCommunicationAPI::registerSignalHandler(const string&, VehicleCommunicationAPI::SignalCallback)
     void registerSignalHandler(const std::string& signal_name, SignalCallback callback);
          ^
/home/xiao/project/vehicle-system/output/middleware/include/VehicleCommunicationAPI.h:31:10: note:   no known conversion for argument 2 from ‘main()::<lambda(const string&, std::string, const string&)>’ to ‘VehicleCommunicationAPI::SignalCallback {aka std::function<void(const std::basic_string<char>&, double, const std::basic_string<char>&)>}’
/home/xiao/project/vehicle-system/app/body_control/body_control.cpp: In lambda function:
/home/xiao/project/vehicle-system/app/body_control/body_control.cpp:65:34: error: cannot convert ‘const string {aka const std::basic_string<char>}’ to ‘double’ for argument ‘2’ to ‘void doorStatusHandler(const string&, double, const string&)’
         doorStatusHandler(n, v, u);
                                  ^
/home/xiao/project/vehicle-system/app/body_control/body_control.cpp: In function ‘int main()’:
/home/xiao/project/vehicle-system/app/body_control/body_control.cpp:66:6: error: no matching function for call to ‘VehicleCommunicationAPI::registerSignalHandler(const char [5], main()::<lambda(const string&, std::string, const string&)>)’
     });
      ^
/home/xiao/project/vehicle-system/app/body_control/body_control.cpp:66:6: note: candidate is:
In file included from /home/xiao/project/vehicle-system/app/body_control/body_control.cpp:1:0:
/home/xiao/project/vehicle-system/output/middleware/include/VehicleCommunicationAPI.h:31:10: note: void VehicleCommunicationAPI::registerSignalHandler(const string&, VehicleCommunicationAPI::SignalCallback)
     void registerSignalHandler(const std::string& signal_name, SignalCallback callback);
          ^
/home/xiao/project/vehicle-system/output/middleware/include/VehicleCommunicationAPI.h:31:10: note:   no known conversion for argument 2 from ‘main()::<lambda(const string&, std::string, const string&)>’ to ‘VehicleCommunicationAPI::SignalCallback {aka std::function<void(const std::basic_string<char>&, double, const std::basic_string<char>&)>}’
/home/xiao/project/vehicle-system/app/body_control/body_control.cpp: In lambda function:
/home/xiao/project/vehicle-system/app/body_control/body_control.cpp:69:36: error: cannot convert ‘const string {aka const std::basic_string<char>}’ to ‘double’ for argument ‘2’ to ‘void windowStatusHandler(const string&, double, const string&)’
         windowStatusHandler(n, v, u);
                                    ^
/home/xiao/project/vehicle-system/app/body_control/body_control.cpp: In function ‘int main()’:
/home/xiao/project/vehicle-system/app/body_control/body_control.cpp:70:6: error: no matching function for call to ‘VehicleCommunicationAPI::registerSignalHandler(const char [14], main()::<lambda(const string&, std::string, const string&)>)’
     });
      ^
/home/xiao/project/vehicle-system/app/body_control/body_control.cpp:70:6: note: candidate is:
In file included from /home/xiao/project/vehicle-system/app/body_control/body_control.cpp:1:0:
/home/xiao/project/vehicle-system/output/middleware/include/VehicleCommunicationAPI.h:31:10: note: void VehicleCommunicationAPI::registerSignalHandler(const string&, VehicleCommunicationAPI::SignalCallback)
     void registerSignalHandler(const std::string& signal_name, SignalCallback callback);
          ^
/home/xiao/project/vehicle-system/output/middleware/include/VehicleCommunicationAPI.h:31:10: note:   no known conversion for argument 2 from ‘main()::<lambda(const string&, std::string, const string&)>’ to ‘VehicleCommunicationAPI::SignalCallback {aka std::function<void(const std::basic_string<char>&, double, const std::basic_string<char>&)>}’
/home/xiao/project/vehicle-system/app/body_control/body_control.cpp: In lambda function:
/home/xiao/project/vehicle-system/app/body_control/body_control.cpp:72:36: error: cannot convert ‘const string {aka const std::basic_string<char>}’ to ‘double’ for argument ‘2’ to ‘void windowStatusHandler(const string&, double, const string&)’
         windowStatusHandler(n, v, u);
                                    ^
/home/xiao/project/vehicle-system/app/body_control/body_control.cpp: In function ‘int main()’:
/home/xiao/project/vehicle-system/app/body_control/body_control.cpp:73:6: error: no matching function for call to ‘VehicleCommunicationAPI::registerSignalHandler(const char [17], main()::<lambda(const string&, std::string, const string&)>)’
     });
      ^
/home/xiao/project/vehicle-system/app/body_control/body_control.cpp:73:6: note: candidate is:
In file included from /home/xiao/project/vehicle-system/app/body_control/body_control.cpp:1:0:
/home/xiao/project/vehicle-system/output/middleware/include/VehicleCommunicationAPI.h:31:10: note: void VehicleCommunicationAPI::registerSignalHandler(const string&, VehicleCommunicationAPI::SignalCallback)
     void registerSignalHandler(const std::string& signal_name, SignalCallback callback);
          ^
/home/xiao/project/vehicle-system/output/middleware/include/VehicleCommunicationAPI.h:31:10: note:   no known conversion for argument 2 from ‘main()::<lambda(const string&, std::string, const string&)>’ to ‘VehicleCommunicationAPI::SignalCallback {aka std::function<void(const std::basic_string<char>&, double, const std::basic_string<char>&)>}’
/home/xiao/project/vehicle-system/app/body_control/body_control.cpp: In lambda function:
/home/xiao/project/vehicle-system/app/body_control/body_control.cpp:76:32: error: cannot convert ‘const string {aka const std::basic_string<char>}’ to ‘double’ for argument ‘2’ to ‘void lightingHandler(const string&, double, const string&)’
         lightingHandler(n, v, u);
                                ^
/home/xiao/project/vehicle-system/app/body_control/body_control.cpp: In function ‘int main()’:
/home/xiao/project/vehicle-system/app/body_control/body_control.cpp:77:6: error: no matching function for call to ‘VehicleCommunicationAPI::registerSignalHandler(const char [11], main()::<lambda(const string&, std::string, const string&)>)’
     });
      ^
/home/xiao/project/vehicle-system/app/body_control/body_control.cpp:77:6: note: candidate is:
In file included from /home/xiao/project/vehicle-system/app/body_control/body_control.cpp:1:0:
/home/xiao/project/vehicle-system/output/middleware/include/VehicleCommunicationAPI.h:31:10: note: void VehicleCommunicationAPI::registerSignalHandler(const string&, VehicleCommunicationAPI::SignalCallback)
     void registerSignalHandler(const std::string& signal_name, SignalCallback callback);
          ^
/home/xiao/project/vehicle-system/output/middleware/include/VehicleCommunicationAPI.h:31:10: note:   no known conversion for argument 2 from ‘main()::<lambda(const string&, std::string, const string&)>’ to ‘VehicleCommunicationAPI::SignalCallback {aka std::function<void(const std::basic_string<char>&, double, const std::basic_string<char>&)>}’
/home/xiao/project/vehicle-system/app/body_control/body_control.cpp: In lambda function:
/home/xiao/project/vehicle-system/app/body_control/body_control.cpp:79:32: error: cannot convert ‘const string {aka const std::basic_string<char>}’ to ‘double’ for argument ‘2’ to ‘void lightingHandler(const string&, double, const string&)’
         lightingHandler(n, v, u);
                                ^
/home/xiao/project/vehicle-system/app/body_control/body_control.cpp: In function ‘int main()’:
/home/xiao/project/vehicle-system/app/body_control/body_control.cpp:80:6: error: no matching function for call to ‘VehicleCommunicationAPI::registerSignalHandler(const char [13], main()::<lambda(const string&, std::string, const string&)>)’
     });
      ^
/home/xiao/project/vehicle-system/app/body_control/body_control.cpp:80:6: note: candidate is:
In file included from /home/xiao/project/vehicle-system/app/body_control/body_control.cpp:1:0:
/home/xiao/project/vehicle-system/output/middleware/include/VehicleCommunicationAPI.h:31:10: note: void VehicleCommunicationAPI::registerSignalHandler(const string&, VehicleCommunicationAPI::SignalCallback)
     void registerSignalHandler(const std::string& signal_name, SignalCallback callback);
          ^
/home/xiao/project/vehicle-system/output/middleware/include/VehicleCommunicationAPI.h:31:10: note:   no known conversion for argument 2 from ‘main()::<lambda(const string&, std::string, const string&)>’ to ‘VehicleCommunicationAPI::SignalCallback {aka std::function<void(const std::basic_string<char>&, double, const std::basic_string<char>&)>}’
/home/xiao/project/vehicle-system/app/body_control/body_control.cpp: In lambda function:
/home/xiao/project/vehicle-system/app/body_control/body_control.cpp:82:32: error: cannot convert ‘const string {aka const std::basic_string<char>}’ to ‘double’ for argument ‘2’ to ‘void lightingHandler(const string&, double, const string&)’
         lightingHandler(n, v, u);
                                ^
/home/xiao/project/vehicle-system/app/body_control/body_control.cpp: In function ‘int main()’:
/home/xiao/project/vehicle-system/app/body_control/body_control.cpp:83:6: error: no matching function for call to ‘VehicleCommunicationAPI::registerSignalHandler(const char [15], main()::<lambda(const string&, std::string, const string&)>)’
     });
      ^
/home/xiao/project/vehicle-system/app/body_control/body_control.cpp:83:6: note: candidate is:
In file included from /home/xiao/project/vehicle-system/app/body_control/body_control.cpp:1:0:
/home/xiao/project/vehicle-system/output/middleware/include/VehicleCommunicationAPI.h:31:10: note: void VehicleCommunicationAPI::registerSignalHandler(const string&, VehicleCommunicationAPI::SignalCallback)
     void registerSignalHandler(const std::string& signal_name, SignalCallback callback);
          ^
/home/xiao/project/vehicle-system/output/middleware/include/VehicleCommunicationAPI.h:31:10: note:   no known conversion for argument 2 from ‘main()::<lambda(const string&, std::string, const string&)>’ to ‘VehicleCommunicationAPI::SignalCallback {aka std::function<void(const std::basic_string<char>&, double, const std::basic_string<char>&)>}’
/home/xiao/project/vehicle-system/app/body_control/body_control.cpp: In lambda function:
/home/xiao/project/vehicle-system/app/body_control/body_control.cpp:85:32: error: cannot convert ‘const string {aka const std::basic_string<char>}’ to ‘double’ for argument ‘2’ to ‘void lightingHandler(const string&, double, const string&)’
         lightingHandler(n, v, u);
                                ^
/home/xiao/project/vehicle-system/app/body_control/body_control.cpp: In function ‘int main()’:
/home/xiao/project/vehicle-system/app/body_control/body_control.cpp:86:6: error: no matching function for call to ‘VehicleCommunicationAPI::registerSignalHandler(const char [16], main()::<lambda(const string&, std::string, const string&)>)’
     });
      ^
/home/xiao/project/vehicle-system/app/body_control/body_control.cpp:86:6: note: candidate is:
In file included from /home/xiao/project/vehicle-system/app/body_control/body_control.cpp:1:0:
/home/xiao/project/vehicle-system/output/middleware/include/VehicleCommunicationAPI.h:31:10: note: void VehicleCommunicationAPI::registerSignalHandler(const string&, VehicleCommunicationAPI::SignalCallback)
     void registerSignalHandler(const std::string& signal_name, SignalCallback callback);
          ^
/home/xiao/project/vehicle-system/output/middleware/include/VehicleCommunicationAPI.h:31:10: note:   no known conversion for argument 2 from ‘main()::<lambda(const string&, std::string, const string&)>’ to ‘VehicleCommunicationAPI::SignalCallback {aka std::function<void(const std::basic_string<char>&, double, const std::basic_string<char>&)>}’
make[2]: *** [body_control/CMakeFiles/body_control.dir/build.make:76: body_control/CMakeFiles/body_control.dir/body_control.cpp.o] Error 1
make[1]: *** [CMakeFiles/Makefile2:161: body_control/CMakeFiles/body_control.dir/all] Error 2
make: *** [Makefile:136: all] Error 2
[0;31mError: Applications build failed[0m
