[1;33mStarting build process...[0m
[1;33mBuilding U-Boot 2015.04...[0m
  HOSTCC  scripts/basic/fixdep
  HOSTCC  scripts/kconfig/conf.o
  SHIPPED scripts/kconfig/zconf.tab.c
  SHIPPED scripts/kconfig/zconf.lex.c
  SHIPPED scripts/kconfig/zconf.hash.c
  HOSTCC  scripts/kconfig/zconf.tab.o
In file included from scripts/kconfig/zconf.tab.c:2536:
In function ‘dep_stack_insert’,
    inlined from ‘sym_check_print_recursive’ at scripts/kconfig/symbol.c:1047:3,
    inlined from ‘sym_check_deps’ at scripts/kconfig/symbol.c:1218:3:
scripts/kconfig/symbol.c:1023:19: warning: storing the address of local variable ‘cv_stack’ in ‘check_top’ [-Wdangling-pointer=]
 1023 |         check_top = stack;
      |         ~~~~~~~~~~^~~~~~~
scripts/kconfig/symbol.c: In function ‘sym_check_deps’:
scripts/kconfig/symbol.c:1044:26: note: ‘cv_stack’ declared here
 1044 |         struct dep_stack cv_stack;
      |                          ^~~~~~~~
scripts/kconfig/symbol.c:1014:4: note: ‘check_top’ declared here
 1014 | } *check_top;
      |    ^~~~~~~~~
  HOSTLD  scripts/kconfig/conf
#
# configuration written to .config
#
scripts/kconfig/conf  --silentoldconfig Kconfig
  CHK     include/config.h
  UPD     include/config.h
  GEN     include/autoconf.mk
  GEN     include/autoconf.mk.dep
  CHK     include/config/uboot.release
  CHK     include/generated/timestamp_autogenerated.h
  UPD     include/config/uboot.release
  UPD     include/generated/timestamp_autogenerated.h
  CFG     u-boot.cfg
  CHK     include/generated/version_autogenerated.h
  UPD     include/generated/version_autogenerated.h
  CC      lib/asm-offsets.s
  CC      arch/arm/lib/asm-offsets.s
  CHK     include/generated/generic-asm-offsets.h
  CHK     include/generated/asm-offsets.h
  UPD     include/generated/asm-offsets.h
  UPD     include/generated/generic-asm-offsets.h
  HOSTCC  tools/bmp_logo
  HOSTCC  tools/gen_eth_addr
  HOSTCC  tools/img2srec
  HOSTCC  tools/mkenvimage.o
  HOSTCC  tools/os_support.o
  WRAP    tools/lib/crc32.c
  HOSTCC  tools/aisimage.o
  HOSTCC  tools/atmelimage.o
  WRAP    tools/common/bootm.c
  HOSTCC  tools/default_image.o
  WRAP    tools/lib/fdtdec_common.c
  WRAP    tools/lib/fdtdec.c
  HOSTCC  tools/fit_common.o
  HOSTCC  tools/fit_image.o
  HOSTCC  tools/gpimage.o
  LDS     u-boot.lds
  HOSTCC  tools/gpimage-common.o
  WRAP    tools/common/image-fit.c
  HOSTCC  tools/image-host.o
  WRAP    tools/common/image.c
  HOSTCC  tools/imagetool.o
  HOSTCC  tools/imximage.o
  HOSTCC  tools/kwbimage.o
  WRAP    tools/lib/md5.c
  HOSTCC  tools/lpc32xximage.o
  HOSTCC  tools/mxsimage.o
  HOSTCC  tools/omapimage.o
  HOSTCC  tools/pblimage.o
  HOSTCC  tools/pbl_crc32.o
  WRAP    tools/lib/rc4.c
  HOSTCC  tools/rkcommon.o
  HOSTCC  tools/rkimage.o
  HOSTCC  tools/rksd.o
  HOSTCC  tools/rkspi.o
  HOSTCC  tools/socfpgaimage.o
  WRAP    tools/lib/sha256.c
  WRAP    tools/lib/sha1.c
  WRAP    tools/common/hash.c
  HOSTCC  tools/ublimage.o
  HOSTCC  tools/zynqimage.o
  WRAP    tools/lib/libfdt/fdt.c
  WRAP    tools/lib/libfdt/fdt_ro.c
  WRAP    tools/lib/libfdt/fdt_rw.c
  WRAP    tools/lib/libfdt/fdt_strerror.c
  WRAP    tools/lib/libfdt/fdt_wip.c
  WRAP    tools/lib/libfdt/fdt_region.c
  HOSTCC  tools/dumpimage.o
  HOSTCC  tools/mkimage.o
  HOSTCC  tools/proftool
  HOSTCC  tools/fdtgrep.o
tools/bmp_logo --gen-info ./tools/logos/freescale.bmp > include/bmp_logo.h
tools/bmp_logo --gen-data ./tools/logos/freescale.bmp > include/bmp_logo_data.h
  HOSTCC  tools/lib/crc32.o
  HOSTCC  tools/common/bootm.o
  HOSTCC  tools/lib/fdtdec_common.o
  HOSTCC  tools/lib/fdtdec.o
  HOSTCC  tools/common/image-fit.o
  HOSTCC  tools/common/image.o
  HOSTCC  tools/lib/md5.o
  HOSTCC  tools/lib/rc4.o
  HOSTCC  tools/lib/sha1.o
  HOSTCC  tools/lib/sha256.o
  HOSTCC  tools/common/hash.o
  HOSTCC  tools/lib/libfdt/fdt.o
  HOSTCC  tools/lib/libfdt/fdt_ro.o
  HOSTCC  tools/lib/libfdt/fdt_rw.o
  HOSTCC  tools/lib/libfdt/fdt_strerror.o
  HOSTCC  tools/lib/libfdt/fdt_wip.o
  HOSTCC  tools/lib/libfdt/fdt_region.o
  HOSTLD  tools/mkenvimage
  HOSTLD  tools/dumpimage
  HOSTLD  tools/mkimage
  HOSTLD  tools/fdtgrep
  LD      arch/arm/cpu/built-in.o
  CC      arch/arm/cpu/armv7/cache_v7.o
  CC      board/freescale/common/mmc.o
  CC      arch/arm/imx-common/iomux-v3.o
  AS      arch/arm/lib/vectors.o
  AS      arch/arm/lib/crt0.o
  LD      board/freescale/common/built-in.o
  CC      board/freescale/mx6ull_alientek_emmc/mx6ull_alientek_emmc.o
  CC      arch/arm/cpu/armv7/cpu.o
  AS      arch/arm/lib/relocate.o
  CC      arch/arm/imx-common/cpu.o
  CC      arch/arm/lib/bootm-fdt.o
  CC      arch/arm/cpu/armv7/cp15.o
board/freescale/mx6ull_alientek_emmc/mx6ull_alientek_emmc.c:132:22: warning: ‘seq’ defined but not used [-Wunused-variable]
 static enum qn_level seq[3][2] = {
                      ^
board/freescale/mx6ull_alientek_emmc/mx6ull_alientek_emmc.c:136:21: warning: ‘qn_output’ defined but not used [-Wunused-variable]
 static enum qn_func qn_output[8] = {
                     ^
  CC      arch/arm/cpu/armv7/syslib.o
  CC      arch/arm/lib/bootm.o
  CC      arch/arm/imx-common/speed.o
  LD      board/freescale/mx6ull_alientek_emmc/built-in.o
  AS      arch/arm/cpu/armv7/lowlevel_init.o
  CC      arch/arm/imx-common/i2c-mxv7.o
  CC      arch/arm/cpu/armv7/mx6/soc.o
  CC      arch/arm/lib/sections.o
  CC      arch/arm/lib/stack.o
  CC      cmd/boot.o
  CC      arch/arm/imx-common/misc.o
  CC      arch/arm/lib/interrupts.o
  CC      cmd/bootm.o
  CC      arch/arm/imx-common/cache.o
  CC      arch/arm/cpu/armv7/mx6/clock.o
  CC      arch/arm/imx-common/init.o
  CC      arch/arm/lib/reset.o
  CC      cmd/help.o
  CC      cmd/version.o
  CC      arch/arm/lib/cache.o
  CC      arch/arm/imx-common/video.o
  CC      cmd/source.o
  CC      arch/arm/imx-common/syscounter.o
  CC      arch/arm/lib/cache-cp15.o
  CC      cmd/bdinfo.o
  LD      arch/arm/cpu/armv7/mx6/built-in.o
  AR      arch/arm/lib/lib.a
  CC      arch/arm/imx-common/cmd_bmode.o
  AS      arch/arm/cpu/armv7/start.o
  CC      arch/arm/lib/eabi_compat.o
  LD      arch/arm/cpu/armv7/built-in.o
  CC      cmd/bmp.o
  LD      arch/arm/lib/built-in.o
  LD      arch/arm/imx-common/built-in.o
  CC      disk/part.o
  CC      cmd/cache.o
  CC      common/init/board_init.o
  LD      drivers/adc/built-in.o
  CC      drivers/block/disk-uclass.o
  LD      common/init/built-in.o
  CC      cmd/console.o
  CC      common/main.o
  CC      disk/part_dos.o
  LD      drivers/block/built-in.o
  CC      cmd/echo.o
  CC      common/exports.o
  CC      drivers/core/device.o
  CC      common/hash.o
  CC      cmd/elf.o
  LD      disk/built-in.o
  LD      drivers/dma/built-in.o
  CC      drivers/core/lists.o
  CC      common/cli_hush.o
  CC      cmd/exit.o
  CC      drivers/core/root.o
  CC      drivers/core/uclass.o
  CC      cmd/ext4.o
  CC      cmd/ext2.o
  CC      drivers/core/util.o
  CC      cmd/fat.o
  CC      drivers/core/device-remove.o
  CC      drivers/core/dump.o
  CC      cmd/fdt.o
  CC      cmd/flash.o
  LD      drivers/core/built-in.o
  CC      common/autoboot.o
  CC      drivers/crypto/fsl/sec.o
  CC      cmd/fs.o
  LD      drivers/crypto/fsl/built-in.o
  CC      common/board_f.o
  LD      drivers/crypto/rsa_mod_exp/built-in.o
  LD      drivers/crypto/built-in.o
  LD      drivers/dfu/built-in.o
  CC      cmd/fuse.o
  LD      drivers/hwmon/built-in.o
  CC      cmd/gpio.o
  CC      drivers/input/input.o
  CC      cmd/i2c.o
  CC      common/board_r.o
  CC      cmd/itest.o
  CC      common/board_info.o
  LD      drivers/input/built-in.o
  CC      cmd/load.o
  LD      drivers/memory/built-in.o
  CC      drivers/misc/mxc_ocotp.o
  CC      common/bootm.o
  CC      common/bootm_os.o
  LD      drivers/misc/built-in.o
  CC      drivers/pcmcia/tqm8xx_pcmcia.o
  CC      cmd/mem.o
  CC      cmd/mii.o
  CC      common/env_attr.o
  LD      drivers/pcmcia/built-in.o
  LD      drivers/pwm/built-in.o
  CC      drivers/rtc/date.o
  CC      common/env_callback.o
  LD      drivers/rtc/built-in.o
  LD      drivers/soc/built-in.o
  CC      cmd/mdio.o
  LD      drivers/sound/built-in.o
  LD      drivers/timer/built-in.o
  CC      drivers/thermal/thermal-uclass.o
  LD      drivers/tpm/built-in.o
  CC      common/env_flags.o
  LD      drivers/twserial/built-in.o
  CC      drivers/video/cfb_console.o
  CC      drivers/thermal/imx_thermal.o
  CC      cmd/misc.o
  CC      common/env_mmc.o
  LD      drivers/thermal/built-in.o
  CC      cmd/mmc.o
  CC      cmd/net.o
  CC      common/fdt_support.o
  CC      cmd/pcmcia.o
  CC      common/miiphyutil.o
  CC      cmd/sf.o
  CC      common/usb.o
  CC      drivers/video/mxsfb.o
  CC      cmd/setexpr.o
  CC      drivers/video/videomodes.o
  LD      drivers/video/bridge/built-in.o
  CC      cmd/test.o
  CC      cmd/usb.o
  LD      drivers/video/built-in.o
  CC      cmd/ximg.o
  CC      drivers/watchdog/imx_watchdog.o
  CC      common/usb_hub.o
  LD      drivers/watchdog/built-in.o
  LD      drivers/built-in.o
  CC      cmd/nvedit.o
  CC      cmd/disk.o
  CC      drivers/gpio/mxc_gpio.o
  CC      common/usb_storage.o
  CC      common/flash.o
  LD      drivers/gpio/built-in.o
  CC      drivers/i2c/i2c_core.o
  CC      common/splash.o
  LD      cmd/built-in.o
  CC      common/env_common.o
  CC      drivers/i2c/mxc_i2c.o
  CC      drivers/mmc/fsl_esdhc.o
  CC      common/bouncebuf.o
  CC      common/console.o
  LD      drivers/i2c/built-in.o
  CC      drivers/mmc/mmc.o
  CC      drivers/mtd/mtdcore.o
  CC      drivers/mmc/mmc_write.o
  CC      common/dlmalloc.o
  LD      drivers/mtd/onenand/built-in.o
  CC      drivers/mtd/spi/sf_probe.o
  CC      drivers/mtd/mtd_uboot.o
  CC      drivers/mtd/spi/spi_flash.o
  LD      drivers/mtd/built-in.o
  CC      drivers/net/fec_mxc.o
  CC      common/malloc_simple.o
  CC      common/image.o
  LD      drivers/mmc/built-in.o
  CC      drivers/net/phy/phy.o
  LD      drivers/net/built-in.o
  LD      drivers/pci/built-in.o
  CC      drivers/mtd/spi/sf_params.o
  CC      drivers/power/power_core.o
  CC      common/image-fdt.o
  CC      drivers/mtd/spi/sf.o
  CC      drivers/net/phy/micrel.o
  CC      drivers/power/power_i2c.o
  LD      drivers/mtd/spi/built-in.o
  CC      common/memsize.o
  LD      drivers/power/battery/built-in.o
  LD      drivers/net/phy/built-in.o
  LD      drivers/power/fuel_gauge/built-in.o
  LD      drivers/power/built-in.o
  CC      common/stdio.o
  LD      drivers/power/mfd/built-in.o
  CC      common/cli_simple.o
  CC      common/cli.o
  CC      drivers/power/pmic/pmic_pfuze3000.o
  CC      common/cli_readline.o
  CC      common/command.o
  CC      common/s_record.o
  LD      drivers/power/pmic/built-in.o
  LD      drivers/power/regulator/built-in.o
  CC      drivers/serial/serial.o
  CC      common/xyzModem.o
  CC      drivers/serial/serial_mxc.o
  CC      drivers/spi/spi.o
  CC      drivers/spi/fsl_qspi.o
  LD      drivers/serial/built-in.o
  LD      drivers/usb/dwc3/built-in.o
  LD      drivers/usb/emul/built-in.o
  LD      drivers/usb/gadget/built-in.o
  CC      drivers/usb/eth/usb_ether.o
  LD      drivers/usb/gadget/udc/built-in.o
  LD      common/built-in.o
  CC      drivers/usb/host/ehci-hcd.o
  LD      drivers/spi/built-in.o
  LD      drivers/usb/musb/built-in.o
  LD      drivers/usb/phy/built-in.o
  CC      drivers/usb/eth/asix.o
  LD      drivers/usb/ulpi/built-in.o
  CC      fs/fs.o
  LD      drivers/usb/musb-new/built-in.o
  CC      lib/libfdt/fdt.o
  LD      drivers/usb/eth/built-in.o
  CC      fs/ext4/ext4fs.o
  CC      net/checksum.o
  CC      drivers/usb/host/ehci-mx6.o
  CC      lib/libfdt/fdt_ro.o
  CC      net/arp.o
  CC      fs/ext4/ext4_common.o
  LD      drivers/usb/host/built-in.o
  CC      fs/ext4/dev.o
  CC      net/bootp.o
  CC      fs/ext4/ext4_write.o
  CC      lib/libfdt/fdt_rw.o
  CC      net/eth_legacy.o
  CC      lib/libfdt/fdt_strerror.o
  CC      lib/libfdt/fdt_sw.o
  CC      net/eth_common.o
  CC      lib/libfdt/fdt_wip.o
  CC      lib/libfdt/fdt_empty_tree.o
  CC      net/net.o
  CC      lib/libfdt/fdt_addresses.o
  CC      lib/libfdt/fdt_region.o
  CC      fs/ext4/ext4_journal.o
  CC      fs/fat/fat.o
  LD      lib/libfdt/built-in.o
  CC      lib/zlib/zlib.o
  CC      net/nfs.o
  CC      fs/ext4/crc16.o
  LD      fs/ext4/built-in.o
  CC      net/ping.o
  CC      fs/fat/file.o
  CC      net/tftp.o
  CC      lib/crc7.o
  CC      lib/crc8.o
  LD      fs/fat/built-in.o
  LD      fs/built-in.o
  CC      lib/crc16.o
  LD      test/built-in.o
  LD      net/built-in.o
  CC      test/dm/cmd_dm.o
  CC      lib/gunzip.o
  CC      lib/initcall.o
  LD      lib/zlib/built-in.o
  CC      lib/lmb.o
  LD      test/dm/built-in.o
  CC      lib/ldiv.o
  CC      lib/net_utils.o
  CC      lib/qsort.o
  CC      lib/rc4.o
  CC      lib/strmhz.o
  CC      lib/list_sort.o
  CC      lib/hashtable.o
  CC      lib/errno.o
  CC      lib/display_options.o
  CC      lib/crc32.o
  CC      lib/ctype.o
  CC      lib/div64.o
  CC      lib/hang.o
  CC      lib/linux_compat.o
  CC      lib/linux_string.o
  CC      lib/membuff.o
  CC      lib/slre.o
  CC      lib/string.o
  CC      lib/time.o
  CC      lib/vsprintf.o
  CC      lib/panic.o
  CC      lib/strto.o
  LD      lib/built-in.o
  CC      examples/standalone/stubs.o
  CC      examples/standalone/hello_world.o
  LD      examples/standalone/libstubs.o
  LD      examples/standalone/hello_world
  OBJCOPY examples/standalone/hello_world.srec
  OBJCOPY examples/standalone/hello_world.bin
  LD      u-boot
  OBJCOPY u-boot-nodtb.bin
  OBJCOPY u-boot.srec
  SYM     u-boot.sym
  COPY    u-boot.bin
  CFGS    board/freescale/mx6ull_alientek_emmc/imximage.cfg.cfgtmp
  MKIMAGE u-boot.imx
[0;32mU-Boot build completed.[0m
[1;33mBuilding Linux Kernel 4.1.15...[0m
  HOSTCC  scripts/basic/fixdep
  HOSTCC  scripts/kconfig/conf.o
  SHIPPED scripts/kconfig/zconf.tab.c
  SHIPPED scripts/kconfig/zconf.lex.c
  SHIPPED scripts/kconfig/zconf.hash.c
  HOSTCC  scripts/kconfig/zconf.tab.o
In file included from scripts/kconfig/zconf.tab.c:2536:
In function ‘dep_stack_insert’,
    inlined from ‘sym_check_print_recursive’ at scripts/kconfig/symbol.c:1090:3,
    inlined from ‘sym_check_deps’ at scripts/kconfig/symbol.c:1261:3:
scripts/kconfig/symbol.c:1066:19: warning: storing the address of local variable ‘cv_stack’ in ‘check_top’ [-Wdangling-pointer=]
 1066 |         check_top = stack;
      |         ~~~~~~~~~~^~~~~~~
scripts/kconfig/symbol.c: In function ‘sym_check_deps’:
scripts/kconfig/symbol.c:1087:26: note: ‘cv_stack’ declared here
 1087 |         struct dep_stack cv_stack;
      |                          ^~~~~~~~
scripts/kconfig/symbol.c:1057:4: note: ‘check_top’ declared here
 1057 | } *check_top;
      |    ^~~~~~~~~
  HOSTLD  scripts/kconfig/conf
#
# configuration written to .config
#
scripts/kconfig/conf  --silentoldconfig Kconfig
  CHK     include/config/kernel.release
  WRAP    arch/arm/include/generated/asm/bitsperlong.h
  UPD     include/config/kernel.release
  WRAP    arch/arm/include/generated/asm/cputime.h
  WRAP    arch/arm/include/generated/asm/current.h
  WRAP    arch/arm/include/generated/asm/emergency-restart.h
  WRAP    arch/arm/include/generated/asm/errno.h
  WRAP    arch/arm/include/generated/asm/exec.h
  WRAP    arch/arm/include/generated/asm/ioctl.h
  CHK     include/generated/uapi/linux/version.h
  WRAP    arch/arm/include/generated/asm/ipcbuf.h
  WRAP    arch/arm/include/generated/asm/irq_regs.h
  UPD     include/generated/uapi/linux/version.h
  WRAP    arch/arm/include/generated/asm/kdebug.h
  WRAP    arch/arm/include/generated/asm/local.h
  WRAP    arch/arm/include/generated/asm/local64.h
  WRAP    arch/arm/include/generated/asm/msgbuf.h
  WRAP    arch/arm/include/generated/asm/mcs_spinlock.h
  WRAP    arch/arm/include/generated/asm/param.h
  WRAP    arch/arm/include/generated/asm/poll.h
  WRAP    arch/arm/include/generated/asm/preempt.h
  WRAP    arch/arm/include/generated/asm/parport.h
  WRAP    arch/arm/include/generated/asm/rwsem.h
  WRAP    arch/arm/include/generated/asm/resource.h
  WRAP    arch/arm/include/generated/asm/scatterlist.h
  WRAP    arch/arm/include/generated/asm/sections.h
  WRAP    arch/arm/include/generated/asm/seccomp.h
  WRAP    arch/arm/include/generated/asm/segment.h
  WRAP    arch/arm/include/generated/asm/sembuf.h
  CHK     include/generated/utsrelease.h
  WRAP    arch/arm/include/generated/asm/serial.h
  WRAP    arch/arm/include/generated/asm/shmbuf.h
  UPD     include/generated/utsrelease.h
  WRAP    arch/arm/include/generated/asm/siginfo.h
  WRAP    arch/arm/include/generated/asm/simd.h
  WRAP    arch/arm/include/generated/asm/sizes.h
  WRAP    arch/arm/include/generated/asm/sockios.h
  WRAP    arch/arm/include/generated/asm/socket.h
  WRAP    arch/arm/include/generated/asm/termbits.h
  WRAP    arch/arm/include/generated/asm/termios.h
  WRAP    arch/arm/include/generated/asm/timex.h
  WRAP    arch/arm/include/generated/asm/trace_clock.h
  WRAP    arch/arm/include/generated/asm/unaligned.h
  HOSTCC  scripts/kallsyms
  HOSTCC  scripts/dtc/dtc.o
  HOSTCC  scripts/genksyms/genksyms.o
  CC      scripts/mod/empty.o
  HOSTCC  scripts/mod/mk_elfconfig
  HOSTCC  scripts/dtc/flattree.o
  CC      scripts/mod/devicetable-offsets.s
  MKELF   scripts/mod/elfconfig.h
  GEN     scripts/mod/devicetable-offsets.h
  HOSTCC  scripts/mod/sumversion.o
  HOSTCC  scripts/pnmtologo
  SHIPPED scripts/genksyms/parse.tab.c
  SHIPPED scripts/genksyms/lex.lex.c
  SHIPPED scripts/genksyms/keywords.hash.c
  SHIPPED scripts/genksyms/parse.tab.h
  HOSTCC  scripts/genksyms/parse.tab.o
  HOSTCC  scripts/mod/modpost.o
  HOSTCC  scripts/dtc/fstree.o
  HOSTCC  scripts/conmakehash
  HOSTCC  scripts/dtc/data.o
  HOSTCC  scripts/genksyms/lex.lex.o
  HOSTCC  scripts/sortextable
  HOSTCC  scripts/dtc/livetree.o
  HOSTCC  scripts/dtc/treesource.o
  HOSTCC  scripts/dtc/srcpos.o
  HOSTCC  scripts/dtc/checks.o
  HOSTCC  scripts/mod/file2alias.o
  HOSTLD  scripts/genksyms/genksyms
  HOSTCC  scripts/dtc/util.o
  SHIPPED scripts/dtc/dtc-lexer.lex.c
  SHIPPED scripts/dtc/dtc-parser.tab.h
  SHIPPED scripts/dtc/dtc-parser.tab.c
  HOSTCC  scripts/dtc/dtc-lexer.lex.o
  HOSTCC  scripts/dtc/dtc-parser.tab.o
  HOSTLD  scripts/dtc/dtc
  HOSTLD  scripts/mod/modpost
  Generating include/generated/mach-types.h
  CC      kernel/bounds.s
  CHK     include/generated/bounds.h
  UPD     include/generated/bounds.h
  CC      arch/arm/kernel/asm-offsets.s
  CHK     include/generated/asm-offsets.h
  UPD     include/generated/asm-offsets.h
  CALL    scripts/checksyscalls.sh
  CC      init/main.o
  CHK     include/generated/compile.h
  CC      init/do_mounts.o
  HOSTCC  usr/gen_init_cpio
  UPD     include/generated/compile.h
  CC      init/do_mounts_rd.o
  GEN     usr/initramfs_data.cpio.gz
  AS      usr/initramfs_data.o
  LD      usr/built-in.o
  CC      arch/arm/vfp/vfpmodule.o
  CC      init/do_mounts_initrd.o
  AS      arch/arm/vfp/entry.o
  AS      arch/arm/vfp/vfphw.o
  CC      init/initramfs.o
  CC      arch/arm/vfp/vfpsingle.o
  CC      init/calibrate.o
  LDS     arch/arm/vdso/vdso.lds
  CC      arch/arm/vdso/vgettimeofday.o
  CC      init/init_task.o
  AS      arch/arm/vdso/datapage.o
  HOSTCC  arch/arm/vdso/vdsomunge
  CC      arch/arm/vfp/vfpdouble.o
  CC      arch/arm/kernel/elf.o
  VDSO    arch/arm/vdso/vdso.so.raw
  MUNGE   arch/arm/vdso/vdso.so.dbg
  OBJCOPY arch/arm/vdso/vdso.so
  AS      arch/arm/vdso/vdso.o
  LD      arch/arm/vdso/built-in.o
  CC      arch/arm/mm/dma-mapping.o
  CC      init/version.o
  AS      arch/arm/kernel/entry-common.o
  CC      arch/arm/kernel/irq.o
  LD      arch/arm/vfp/vfp.o
  LD      arch/arm/vfp/built-in.o
  CC      arch/arm/common/firmware.o
  LD      init/mounts.o
  LD      init/built-in.o
  LD      arch/arm/probes/built-in.o
  CC      arch/arm/kernel/opcodes.o
  LD      arch/arm/common/built-in.o
  CC      arch/arm/kernel/process.o
  LD      arch/arm/net/built-in.o
  CC      arch/arm/kernel/ptrace.o
  CC      arch/arm/kernel/reboot.o
  CC      arch/arm/mm/extable.o
  CC      arch/arm/mm/fault.o
  CC      arch/arm/mm/init.o
  CC      arch/arm/kernel/return_address.o
  CC      arch/arm/kernel/setup.o
  CC      arch/arm/kernel/signal.o
  AS      arch/arm/kernel/sigreturn_codes.o
  CC      arch/arm/kernel/stacktrace.o
  CC      arch/arm/mm/iomap.o
  CC      arch/arm/mm/fault-armv.o
  CC      arch/arm/kernel/sys_arm.o
  LD      arch/arm/crypto/built-in.o
  CC      arch/arm/mm/flush.o
  CC      arch/arm/mm/idmap.o
  CC      arch/arm/mm/ioremap.o
  CC      arch/arm/kernel/time.o
  CC      arch/arm/mm/mmap.o
  CC      arch/arm/mm/pgd.o
  CC      arch/arm/kernel/traps.o
  CC      arch/arm/mm/mmu.o
  CC      arch/arm/mm/pageattr.o
  CC      arch/arm/mm/proc-syms.o
  CC      arch/arm/mm/alignment.o
  CC      arch/arm/kernel/atags_parse.o
  CC      arch/arm/mm/highmem.o
  AS      arch/arm/mm/abort-ev6.o
  AS      arch/arm/mm/abort-ev7.o
  AS      arch/arm/mm/pabort-v6.o
  AS      arch/arm/mm/pabort-v7.o
  AS      arch/arm/mm/cache-v6.o
  AS      arch/arm/mm/cache-v7.o
  AS      arch/arm/kernel/entry-armv.o
  CC      arch/arm/mm/copypage-v6.o
  CC      arch/arm/mm/context.o
  CC      arch/arm/kernel/cpuidle.o
  AS      arch/arm/mm/tlb-v6.o
  CC      arch/arm/kernel/fiq.o
  AS      arch/arm/mm/tlb-v7.o
  AS      arch/arm/kernel/fiqasm.o
  CC      arch/arm/kernel/armksyms.o
  LD      arch/arm/firmware/built-in.o
  AS      arch/arm/mm/proc-v6.o
  CC      arch/arm/mach-imx/time.o
  AS      arch/arm/mm/proc-v7.o
  CC      arch/arm/mm/l2c-common.o
  CC      arch/arm/mm/cache-l2x0.o
  CC      arch/arm/mach-imx/cpu.o
  CC      arch/arm/kernel/module.o
  AS      arch/arm/kernel/sleep.o
  CC      arch/arm/kernel/suspend.o
  CC      arch/arm/kernel/smp.o
  CC      arch/arm/mach-imx/system.o
  CC      arch/arm/kernel/smp_tlb.o
  CC      arch/arm/mach-imx/irq-common.o
  AS      arch/arm/mm/l2c-l2x0-resume.o
  LD      arch/arm/mm/built-in.o
  CC      kernel/fork.o
  CC      arch/arm/kernel/smp_scu.o
  CC      arch/arm/mach-imx/common.o
  CC      kernel/exec_domain.o
  CC      arch/arm/mach-imx/cpu-imx5.o
  CC      arch/arm/kernel/smp_twd.o
  CC      kernel/panic.o
  CC      arch/arm/kernel/arch_timer.o
  CC      arch/arm/mach-imx/clk-imx51-imx53.o
  CC      arch/arm/kernel/unwind.o
  CC      kernel/cpu.o
  CC      arch/arm/kernel/devtree.o
  CC      arch/arm/mach-imx/clk-cpu.o
  CC      kernel/exit.o
  CC      arch/arm/kernel/swp_emulate.o
  CC      arch/arm/mach-imx/pm-imx5.o
  CC      arch/arm/kernel/hw_breakpoint.o
  CC      arch/arm/mach-imx/clk-pllv1.o
  CC      kernel/softirq.o
  CC      arch/arm/mach-imx/clk-pllv2.o
  CC      arch/arm/mach-imx/clk-pllv3.o
  CC      arch/arm/kernel/perf_regs.o
  CC      arch/arm/mach-imx/clk-gate2.o
  CC      kernel/resource.o
  CC      arch/arm/kernel/perf_callchain.o
  CC      arch/arm/kernel/perf_event.o
  CC      arch/arm/mach-imx/clk-pfd.o
  CC      mm/filemap.o
  CC      arch/arm/mach-imx/clk-busy.o
  CC      arch/arm/kernel/perf_event_cpu.o
  CC      arch/arm/mach-imx/clk.o
  CC      kernel/sysctl.o
  CC      arch/arm/mach-imx/clk-fixup-div.o
  CC      arch/arm/mach-imx/clk-fixup-mux.o
  CC      arch/arm/mach-imx/clk-gate-exclusive.o
  CC      arch/arm/kernel/topology.o
  CC      arch/arm/mach-imx/tzic.o
  CC      mm/mempool.o
  CC      arch/arm/kernel/vdso.o
  CC      arch/arm/mach-imx/cpuidle-imx5.o
  CC      arch/arm/mach-imx/cpuidle-imx6q.o
  CC      kernel/sysctl_binary.o
  CC      arch/arm/kernel/io.o
  CC      mm/oom_kill.o
  CC      arch/arm/mach-imx/cpuidle-imx6sl.o
  AS      arch/arm/kernel/hyp-stub.o
  AS      arch/arm/kernel/head.o
  LDS     arch/arm/kernel/vmlinux.lds
  CC      kernel/capability.o
  LD      arch/arm/kernel/built-in.o
  CC      fs/open.o
  AS      arch/arm/mach-imx/imx6sl_low_power_idle.o
  CC      arch/arm/mach-imx/cpuidle-imx6sx.o
  CC      mm/maccess.o
