[1;33mStarting build process...[0m
[1;33mBuilding U-Boot 2015.04...[0m
#
# configuration written to .config
#
scripts/kconfig/conf  --silentoldconfig Kconfig
  CHK     include/config.h
  GEN     include/autoconf.mk
  GEN     include/autoconf.mk.dep
  CHK     include/config/uboot.release
  CHK     include/generated/timestamp_autogenerated.h
  UPD     include/generated/timestamp_autogenerated.h
  CHK     include/generated/version_autogenerated.h
  CC      arch/arm/lib/asm-offsets.s
  CC      lib/asm-offsets.s
  CHK     include/generated/generic-asm-offsets.h
  CHK     include/generated/asm-offsets.h
  HOSTCC  tools/mkenvimage.o
  HOSTCC  tools/image-host.o
  HOSTCC  tools/dumpimage.o
  HOSTCC  tools/mkimage.o
  HOSTLD  tools/mkenvimage
  HOSTLD  tools/dumpimage
  HOSTLD  tools/mkimage
  CC      board/freescale/common/mmc.o
  CC      arch/arm/cpu/armv7/cache_v7.o
  CC      arch/arm/imx-common/iomux-v3.o
  CC      arch/arm/lib/bootm-fdt.o
  LD      board/freescale/common/built-in.o
  CC      board/freescale/mx6ull_alientek_emmc/mx6ull_alientek_emmc.o
  CC      arch/arm/imx-common/cpu.o
  CC      arch/arm/cpu/armv7/cpu.o
  CC      arch/arm/lib/bootm.o
board/freescale/mx6ull_alientek_emmc/mx6ull_alientek_emmc.c:132:22: warning: ‘seq’ defined but not used [-Wunused-variable]
 static enum qn_level seq[3][2] = {
                      ^
board/freescale/mx6ull_alientek_emmc/mx6ull_alientek_emmc.c:136:21: warning: ‘qn_output’ defined but not used [-Wunused-variable]
 static enum qn_func qn_output[8] = {
                     ^
  CC      arch/arm/cpu/armv7/cp15.o
  CC      arch/arm/imx-common/speed.o
  CC      arch/arm/lib/sections.o
  CC      arch/arm/cpu/armv7/syslib.o
  LD      board/freescale/mx6ull_alientek_emmc/built-in.o
  CC      arch/arm/lib/stack.o
  CC      arch/arm/imx-common/i2c-mxv7.o
  CC      arch/arm/cpu/armv7/mx6/soc.o
  CC      arch/arm/lib/interrupts.o
  CC      arch/arm/imx-common/misc.o
  CC      arch/arm/lib/reset.o
  CC      arch/arm/imx-common/cache.o
  CC      arch/arm/cpu/armv7/mx6/clock.o
  CC      arch/arm/lib/cache.o
  CC      cmd/boot.o
  CC      arch/arm/imx-common/init.o
  CC      arch/arm/lib/cache-cp15.o
  CC      cmd/bootm.o
  CC      arch/arm/lib/eabi_compat.o
  CC      arch/arm/imx-common/video.o
  LD      arch/arm/lib/built-in.o
  CC      arch/arm/imx-common/syscounter.o
  CC      cmd/help.o
  CC      arch/arm/imx-common/cmd_bmode.o
  LD      arch/arm/cpu/armv7/mx6/built-in.o
  CC      cmd/version.o
  LD      arch/arm/cpu/armv7/built-in.o
  LD      arch/arm/imx-common/built-in.o
  CC      disk/part.o
  CC      cmd/source.o
  CC      drivers/block/disk-uclass.o
  CC      cmd/bdinfo.o
  LD      drivers/block/built-in.o
  CC      disk/part_dos.o
  CC      cmd/bmp.o
  CC      drivers/core/device.o
  CC      common/init/board_init.o
  LD      disk/built-in.o
  CC      common/main.o
  CC      cmd/cache.o
  LD      common/init/built-in.o
  CC      common/exports.o
  CC      common/hash.o
  CC      cmd/console.o
  CC      common/cli_hush.o
  CC      drivers/core/lists.o
  CC      cmd/echo.o
  CC      common/autoboot.o
  CC      drivers/core/root.o
  CC      cmd/elf.o
  CC      common/board_f.o
  CC      drivers/core/uclass.o
  CC      cmd/exit.o
  CC      cmd/ext4.o
  CC      common/board_r.o
  CC      cmd/ext2.o
  CC      drivers/core/util.o
  CC      drivers/core/device-remove.o
  CC      cmd/fat.o
  CC      common/board_info.o
  CC      drivers/core/dump.o
  CC      cmd/fdt.o
  CC      common/bootm.o
  CC      common/bootm_os.o
  LD      drivers/core/built-in.o
  CC      drivers/crypto/fsl/sec.o
  CC      common/env_attr.o
  LD      drivers/crypto/fsl/built-in.o
  LD      drivers/crypto/built-in.o
  CC      drivers/input/input.o
  CC      common/env_callback.o
  CC      common/env_flags.o
  CC      cmd/flash.o
  CC      cmd/fs.o
  LD      drivers/input/built-in.o
  CC      drivers/misc/mxc_ocotp.o
  CC      drivers/pcmcia/tqm8xx_pcmcia.o
  CC      common/env_mmc.o
  CC      cmd/fuse.o
  LD      drivers/pcmcia/built-in.o
  CC      drivers/rtc/date.o
  LD      drivers/misc/built-in.o
  CC      common/fdt_support.o
  CC      common/miiphyutil.o
  CC      cmd/gpio.o
  LD      drivers/rtc/built-in.o
  CC      drivers/thermal/thermal-uclass.o
  CC      cmd/i2c.o
  CC      cmd/itest.o
  CC      drivers/thermal/imx_thermal.o
  CC      cmd/load.o
  LD      drivers/thermal/built-in.o
  CC      common/usb.o
  CC      cmd/mem.o
  CC      drivers/video/cfb_console.o
  CC      common/usb_hub.o
  CC      cmd/mii.o
  CC      common/usb_storage.o
  CC      cmd/mdio.o
  CC      drivers/gpio/mxc_gpio.o
  LD      drivers/gpio/built-in.o
  CC      cmd/misc.o
  CC      drivers/i2c/i2c_core.o
  CC      drivers/video/mxsfb.o
  CC      cmd/mmc.o
  CC      drivers/i2c/mxc_i2c.o
  CC      common/flash.o
  CC      drivers/video/videomodes.o
  CC      common/splash.o
  CC      cmd/net.o
  CC      common/env_common.o
  LD      drivers/i2c/built-in.o
  CC      cmd/pcmcia.o
  LD      drivers/video/built-in.o
  CC      drivers/mmc/fsl_esdhc.o
  CC      drivers/watchdog/imx_watchdog.o
  CC      cmd/sf.o
  CC      common/bouncebuf.o
  LD      drivers/watchdog/built-in.o
  LD      drivers/built-in.o
  CC      common/console.o
  CC      drivers/mmc/mmc.o
  CC      drivers/mtd/mtdcore.o
  CC      cmd/setexpr.o
  CC      cmd/test.o
  CC      common/dlmalloc.o
  CC      drivers/mtd/mtd_uboot.o
  CC      cmd/usb.o
  LD      drivers/mtd/built-in.o
  CC      drivers/mtd/spi/sf_probe.o
  CC      drivers/mmc/mmc_write.o
  CC      common/malloc_simple.o
  CC      cmd/ximg.o
  CC      drivers/mtd/spi/spi_flash.o
  LD      drivers/mmc/built-in.o
  CC      common/image.o
  CC      drivers/net/fec_mxc.o
  CC      cmd/nvedit.o
  CC      common/image-fdt.o
  LD      drivers/net/built-in.o
  CC      common/memsize.o
  CC      drivers/mtd/spi/sf_params.o
  CC      cmd/disk.o
  CC      common/stdio.o
  CC      drivers/mtd/spi/sf.o
  CC      common/cli_simple.o
  LD      cmd/built-in.o
  LD      drivers/mtd/spi/built-in.o
  CC      common/cli.o
  CC      drivers/net/phy/phy.o
  CC      common/cli_readline.o
  CC      drivers/power/power_core.o
  CC      drivers/net/phy/micrel.o
  CC      drivers/power/power_i2c.o
  CC      common/command.o
  LD      drivers/power/built-in.o
  CC      common/s_record.o
  LD      drivers/net/phy/built-in.o
  CC      common/xyzModem.o
  CC      drivers/power/pmic/pmic_pfuze3000.o
  CC      drivers/serial/serial.o
  CC      drivers/serial/serial_mxc.o
  LD      drivers/power/pmic/built-in.o
  LD      common/built-in.o
  CC      drivers/spi/spi.o
  CC      drivers/spi/fsl_qspi.o
  LD      drivers/serial/built-in.o
  CC      drivers/usb/eth/usb_ether.o
  CC      drivers/usb/eth/asix.o
  CC      drivers/usb/host/ehci-hcd.o
  CC      drivers/usb/host/ehci-mx6.o
  LD      drivers/spi/built-in.o
  LD      drivers/usb/eth/built-in.o
  CC      fs/fs.o
  CC      net/checksum.o
  LD      drivers/usb/host/built-in.o
  CC      net/arp.o
  CC      test/dm/cmd_dm.o
  CC      fs/ext4/ext4fs.o
  CC      lib/libfdt/fdt.o
  LD      test/dm/built-in.o
  CC      lib/libfdt/fdt_ro.o
  CC      net/bootp.o
  CC      fs/ext4/ext4_common.o
  CC      lib/libfdt/fdt_rw.o
  CC      net/eth_legacy.o
  CC      lib/libfdt/fdt_strerror.o
  CC      lib/libfdt/fdt_sw.o
  CC      lib/libfdt/fdt_wip.o
  CC      net/eth_common.o
  CC      lib/libfdt/fdt_empty_tree.o
  CC      lib/libfdt/fdt_addresses.o
  CC      lib/libfdt/fdt_region.o
  CC      net/net.o
  CC      net/nfs.o
  LD      lib/libfdt/built-in.o
  CC      lib/zlib/zlib.o
  CC      fs/ext4/dev.o
  CC      net/ping.o
  CC      fs/ext4/ext4_write.o
  CC      net/tftp.o
  CC      fs/ext4/ext4_journal.o
  LD      net/built-in.o
  CC      fs/ext4/crc16.o
  CC      lib/crc7.o
  CC      lib/crc8.o
  CC      lib/crc16.o
  CC      lib/gunzip.o
  LD      fs/ext4/built-in.o
  CC      lib/initcall.o
  CC      fs/fat/fat.o
  CC      lib/lmb.o
  LD      lib/zlib/built-in.o
  CC      lib/ldiv.o
  CC      lib/net_utils.o
  CC      lib/qsort.o
  CC      lib/rc4.o
  CC      lib/strmhz.o
  CC      lib/list_sort.o
  CC      lib/hashtable.o
  CC      lib/errno.o
  CC      lib/display_options.o
  CC      lib/crc32.o
  CC      lib/ctype.o
  CC      lib/div64.o
  CC      lib/hang.o
  CC      fs/fat/file.o
  CC      lib/linux_compat.o
  CC      lib/linux_string.o
  CC      lib/membuff.o
  CC      lib/slre.o
  CC      lib/string.o
  LD      fs/fat/built-in.o
  LD      fs/built-in.o
  CC      lib/time.o
  CC      lib/vsprintf.o
  CC      lib/panic.o
  CC      lib/strto.o
  LD      lib/built-in.o
  CC      examples/standalone/hello_world.o
  CC      examples/standalone/stubs.o
  LD      examples/standalone/libstubs.o
  LD      examples/standalone/hello_world
  OBJCOPY examples/standalone/hello_world.srec
  OBJCOPY examples/standalone/hello_world.bin
  LD      u-boot
  OBJCOPY u-boot-nodtb.bin
  OBJCOPY u-boot.srec
  SYM     u-boot.sym
  COPY    u-boot.bin
  MKIMAGE u-boot.imx
[0;32mU-Boot build completed.[0m
[1;33mBuilding Linux Kernel 4.1.15...[0m
#
# configuration written to .config
#
scripts/kconfig/conf  --silentoldconfig Kconfig
  CHK     include/config/kernel.release
  CHK     include/generated/uapi/linux/version.h
  CHK     include/generated/utsrelease.h
  CC      scripts/mod/empty.o
  CC      scripts/mod/devicetable-offsets.s
  GEN     scripts/mod/devicetable-offsets.h
  MKELF   scripts/mod/elfconfig.h
  HOSTCC  scripts/mod/modpost.o
  HOSTCC  scripts/mod/file2alias.o
  HOSTCC  scripts/mod/sumversion.o
  HOSTLD  scripts/mod/modpost
make[1]: 'include/generated/mach-types.h' is up to date.
  CC      kernel/bounds.s
  CHK     include/generated/bounds.h
  CC      arch/arm/kernel/asm-offsets.s
  CHK     include/generated/asm-offsets.h
  CALL    scripts/checksyscalls.sh
  CHK     include/generated/compile.h
  CC      init/main.o
  CC      arch/arm/vfp/vfpmodule.o
  CC      init/do_mounts.o
  CC      arch/arm/vdso/vgettimeofday.o
  CC      arch/arm/vfp/vfpsingle.o
  VDSO    arch/arm/vdso/vdso.so.raw
  MUNGE   arch/arm/vdso/vdso.so.dbg
  OBJCOPY arch/arm/vdso/vdso.so
  AS      arch/arm/vdso/vdso.o
  LD      arch/arm/vdso/built-in.o
  CC      arch/arm/kernel/elf.o
  CC      arch/arm/vfp/vfpdouble.o
  CC      arch/arm/kernel/irq.o
  CC      init/do_mounts_rd.o
  CC      init/do_mounts_initrd.o
  CC      arch/arm/kernel/opcodes.o
  LD      arch/arm/vfp/vfp.o
  LD      arch/arm/vfp/built-in.o
  CC      init/initramfs.o
  CC      arch/arm/mm/dma-mapping.o
