[1;33mStarting build process...[0m
[1;33mBuilding U-Boot 2015.04...[0m
#
# configuration written to .config
#
scripts/kconfig/conf  --silentoldconfig Kconfig
  CHK     include/config.h
  GEN     include/autoconf.mk
  GEN     include/autoconf.mk.dep
  CHK     include/config/uboot.release
  CHK     include/generated/timestamp_autogenerated.h
  UPD     include/generated/timestamp_autogenerated.h
  CHK     include/generated/version_autogenerated.h
  CC      lib/asm-offsets.s
  CC      arch/arm/lib/asm-offsets.s
  CHK     include/generated/asm-offsets.h
  CHK     include/generated/generic-asm-offsets.h
  HOSTCC  tools/mkenvimage.o
  HOSTCC  tools/image-host.o
  HOSTCC  tools/dumpimage.o
  HOSTCC  tools/mkimage.o
  HOSTLD  tools/dumpimage
  HOSTLD  tools/mkenvimage
  HOSTLD  tools/mkimage
  CC      board/freescale/common/mmc.o
  CC      arch/arm/cpu/armv7/cache_v7.o
  CC      arch/arm/lib/bootm-fdt.o
  CC      arch/arm/imx-common/iomux-v3.o
  LD      board/freescale/common/built-in.o
  CC      board/freescale/mx6ull_alientek_emmc/mx6ull_alientek_emmc.o
  CC      arch/arm/cpu/armv7/cpu.o
  CC      arch/arm/lib/bootm.o
  CC      arch/arm/imx-common/cpu.o
  CC      arch/arm/cpu/armv7/cp15.o
board/freescale/mx6ull_alientek_emmc/mx6ull_alientek_emmc.c:132:22: warning: ‘seq’ defined but not used [-Wunused-variable]
 static enum qn_level seq[3][2] = {
                      ^
board/freescale/mx6ull_alientek_emmc/mx6ull_alientek_emmc.c:136:21: warning: ‘qn_output’ defined but not used [-Wunused-variable]
 static enum qn_func qn_output[8] = {
                     ^
  CC      arch/arm/lib/sections.o
  CC      arch/arm/cpu/armv7/syslib.o
  LD      board/freescale/mx6ull_alientek_emmc/built-in.o
  CC      arch/arm/lib/stack.o
  CC      arch/arm/imx-common/speed.o
  CC      arch/arm/cpu/armv7/mx6/soc.o
  CC      arch/arm/lib/interrupts.o
  CC      arch/arm/imx-common/i2c-mxv7.o
  CC      arch/arm/lib/reset.o
  CC      arch/arm/imx-common/misc.o
  CC      arch/arm/lib/cache.o
  CC      arch/arm/cpu/armv7/mx6/clock.o
  CC      cmd/boot.o
  CC      arch/arm/imx-common/cache.o
  CC      arch/arm/lib/cache-cp15.o
  CC      cmd/bootm.o
  CC      arch/arm/imx-common/init.o
  CC      arch/arm/lib/eabi_compat.o
  CC      cmd/help.o
  CC      arch/arm/imx-common/video.o
  LD      arch/arm/lib/built-in.o
  CC      cmd/version.o
  LD      arch/arm/cpu/armv7/mx6/built-in.o
  CC      arch/arm/imx-common/syscounter.o
  LD      arch/arm/cpu/armv7/built-in.o
  CC      cmd/source.o
  CC      disk/part.o
  CC      arch/arm/imx-common/cmd_bmode.o
  CC      cmd/bdinfo.o
  LD      arch/arm/imx-common/built-in.o
  CC      cmd/bmp.o
  CC      disk/part_dos.o
  CC      common/init/board_init.o
  CC      drivers/block/disk-uclass.o
  LD      common/init/built-in.o
  CC      cmd/cache.o
  CC      common/main.o
  LD      drivers/block/built-in.o
  LD      disk/built-in.o
  CC      common/exports.o
  CC      cmd/console.o
  CC      drivers/core/device.o
  CC      cmd/echo.o
  CC      cmd/elf.o
  CC      common/hash.o
  CC      cmd/exit.o
  CC      drivers/core/lists.o
  CC      cmd/ext4.o
  CC      common/cli_hush.o
  CC      drivers/core/root.o
  CC      cmd/ext2.o
  CC      drivers/core/uclass.o
  CC      drivers/core/util.o
  CC      cmd/fat.o
  CC      drivers/core/device-remove.o
  CC      cmd/fdt.o
  CC      drivers/core/dump.o
  CC      drivers/gpio/mxc_gpio.o
  LD      drivers/core/built-in.o
  CC      drivers/crypto/fsl/sec.o
  CC      common/autoboot.o
  LD      drivers/gpio/built-in.o
  CC      cmd/flash.o
  LD      drivers/crypto/fsl/built-in.o
  CC      drivers/i2c/i2c_core.o
  LD      drivers/crypto/built-in.o
  CC      common/board_f.o
  CC      cmd/fs.o
  CC      drivers/input/input.o
  CC      drivers/i2c/mxc_i2c.o
  CC      cmd/fuse.o
  CC      common/board_r.o
  LD      drivers/input/built-in.o
  CC      cmd/gpio.o
  CC      drivers/misc/mxc_ocotp.o
  LD      drivers/i2c/built-in.o
  CC      cmd/i2c.o
  CC      common/board_info.o
  CC      cmd/itest.o
  CC      common/bootm.o
  LD      drivers/misc/built-in.o
  CC      drivers/pcmcia/tqm8xx_pcmcia.o
  CC      cmd/load.o
  CC      cmd/mem.o
  LD      drivers/pcmcia/built-in.o
  CC      drivers/rtc/date.o
  CC      common/bootm_os.o
  LD      drivers/rtc/built-in.o
  CC      drivers/thermal/thermal-uclass.o
  CC      drivers/thermal/imx_thermal.o
  CC      cmd/mii.o
  CC      common/env_attr.o
  CC      common/env_callback.o
  LD      drivers/thermal/built-in.o
  CC      common/env_flags.o
  CC      common/env_mmc.o
  CC      drivers/video/cfb_console.o
  CC      cmd/mdio.o
  CC      common/fdt_support.o
  CC      common/miiphyutil.o
  CC      cmd/misc.o
  CC      cmd/mmc.o
  CC      common/usb.o
  CC      cmd/net.o
  CC      common/usb_hub.o
  CC      drivers/video/mxsfb.o
  CC      cmd/pcmcia.o
  CC      cmd/sf.o
  CC      cmd/setexpr.o
  CC      common/usb_storage.o
  CC      drivers/video/videomodes.o
  CC      cmd/test.o
  CC      drivers/watchdog/imx_watchdog.o
  LD      drivers/video/built-in.o
  CC      cmd/usb.o
  LD      drivers/watchdog/built-in.o
  LD      drivers/built-in.o
  CC      drivers/mmc/fsl_esdhc.o
  CC      common/flash.o
  CC      drivers/mtd/mtdcore.o
  CC      common/splash.o
  CC      common/env_common.o
  CC      drivers/mmc/mmc.o
  CC      cmd/ximg.o
  CC      common/bouncebuf.o
  CC      drivers/mtd/mtd_uboot.o
  CC      cmd/nvedit.o
  CC      common/console.o
  LD      drivers/mtd/built-in.o
  CC      drivers/mtd/spi/sf_probe.o
  CC      common/dlmalloc.o
  CC      drivers/mtd/spi/spi_flash.o
  CC      drivers/mmc/mmc_write.o
  CC      cmd/disk.o
  LD      cmd/built-in.o
  LD      drivers/mmc/built-in.o
  CC      drivers/net/fec_mxc.o
  CC      drivers/net/phy/phy.o
  CC      common/malloc_simple.o
  CC      drivers/mtd/spi/sf_params.o
  CC      common/image.o
  CC      drivers/mtd/spi/sf.o
  LD      drivers/net/built-in.o
  CC      drivers/net/phy/micrel.o
  LD      drivers/mtd/spi/built-in.o
  CC      drivers/power/power_core.o
  CC      common/image-fdt.o
  CC      drivers/power/pmic/pmic_pfuze3000.o
  LD      drivers/net/phy/built-in.o
  LD      drivers/power/pmic/built-in.o
  CC      drivers/serial/serial.o
  CC      drivers/spi/spi.o
  CC      drivers/power/power_i2c.o
  CC      common/memsize.o
  CC      drivers/spi/fsl_qspi.o
  CC      drivers/serial/serial_mxc.o
  LD      drivers/power/built-in.o
  CC      common/stdio.o
  CC      drivers/usb/eth/usb_ether.o
  LD      drivers/serial/built-in.o
  LD      drivers/spi/built-in.o
  CC      common/cli_simple.o
  CC      drivers/usb/host/ehci-hcd.o
  CC      drivers/usb/eth/asix.o
  CC      common/cli.o
  CC      fs/fs.o
  CC      common/cli_readline.o
  LD      drivers/usb/eth/built-in.o
  CC      drivers/usb/host/ehci-mx6.o
  CC      fs/ext4/ext4fs.o
  CC      common/command.o
  LD      drivers/usb/host/built-in.o
  CC      lib/libfdt/fdt.o
  CC      net/checksum.o
  CC      fs/ext4/ext4_common.o
  CC      lib/libfdt/fdt_ro.o
  CC      common/s_record.o
  CC      net/arp.o
  CC      common/xyzModem.o
  CC      net/bootp.o
  CC      lib/libfdt/fdt_rw.o
  LD      common/built-in.o
  CC      net/eth_legacy.o
  CC      test/dm/cmd_dm.o
  CC      lib/libfdt/fdt_strerror.o
  LD      test/dm/built-in.o
  CC      lib/libfdt/fdt_sw.o
  CC      lib/libfdt/fdt_wip.o
  CC      net/eth_common.o
  CC      lib/libfdt/fdt_empty_tree.o
  CC      fs/ext4/dev.o
  CC      lib/libfdt/fdt_addresses.o
  CC      lib/libfdt/fdt_region.o
  CC      net/net.o
  CC      net/nfs.o
  CC      fs/ext4/ext4_write.o
  LD      lib/libfdt/built-in.o
  CC      lib/zlib/zlib.o
  CC      net/ping.o
  CC      net/tftp.o
  CC      fs/ext4/ext4_journal.o
  CC      fs/ext4/crc16.o
  CC      lib/crc7.o
  LD      net/built-in.o
  CC      lib/crc8.o
  CC      lib/crc16.o
  CC      lib/gunzip.o
  CC      lib/initcall.o
  LD      fs/ext4/built-in.o
  CC      lib/lmb.o
  CC      lib/ldiv.o
  CC      fs/fat/fat.o
  CC      lib/net_utils.o
  LD      lib/zlib/built-in.o
  CC      lib/qsort.o
  CC      lib/rc4.o
  CC      lib/strmhz.o
  CC      lib/list_sort.o
  CC      lib/hashtable.o
  CC      lib/errno.o
  CC      lib/display_options.o
  CC      lib/crc32.o
  CC      lib/ctype.o
  CC      lib/div64.o
  CC      fs/fat/file.o
  CC      lib/hang.o
  CC      lib/linux_compat.o
  CC      lib/linux_string.o
  CC      lib/membuff.o
  LD      fs/fat/built-in.o
  CC      lib/slre.o
  LD      fs/built-in.o
  CC      lib/string.o
  CC      lib/time.o
  CC      lib/vsprintf.o
  CC      lib/panic.o
  CC      lib/strto.o
  LD      lib/built-in.o
  CC      examples/standalone/hello_world.o
  CC      examples/standalone/stubs.o
  LD      examples/standalone/libstubs.o
  LD      examples/standalone/hello_world
  OBJCOPY examples/standalone/hello_world.srec
  OBJCOPY examples/standalone/hello_world.bin
  LD      u-boot
  OBJCOPY u-boot-nodtb.bin
  OBJCOPY u-boot.srec
  SYM     u-boot.sym
  COPY    u-boot.bin
  MKIMAGE u-boot.imx
[0;32mU-Boot build completed.[0m
[1;33mBuilding Linux Kernel 4.1.15...[0m
#
# configuration written to .config
#
scripts/kconfig/conf  --silentoldconfig Kconfig
  CHK     include/config/kernel.release
  CHK     include/generated/uapi/linux/version.h
  CHK     include/generated/utsrelease.h
  CC      scripts/mod/empty.o
  CC      scripts/mod/devicetable-offsets.s
  MKELF   scripts/mod/elfconfig.h
  GEN     scripts/mod/devicetable-offsets.h
  HOSTCC  scripts/mod/modpost.o
  HOSTCC  scripts/mod/sumversion.o
  HOSTCC  scripts/mod/file2alias.o
  HOSTLD  scripts/mod/modpost
make[1]: 'include/generated/mach-types.h' is up to date.
  CC      kernel/bounds.s
  CHK     include/generated/bounds.h
  CC      arch/arm/kernel/asm-offsets.s
  CHK     include/generated/asm-offsets.h
  CALL    scripts/checksyscalls.sh
  CHK     include/generated/compile.h
  CC      init/main.o
  CC      arch/arm/vfp/vfpmodule.o
  CC      init/do_mounts.o
  CC      arch/arm/vdso/vgettimeofday.o
  CC      arch/arm/vfp/vfpsingle.o
  VDSO    arch/arm/vdso/vdso.so.raw
  MUNGE   arch/arm/vdso/vdso.so.dbg
  OBJCOPY arch/arm/vdso/vdso.so
  AS      arch/arm/vdso/vdso.o
  LD      arch/arm/vdso/built-in.o
  CC      init/do_mounts_rd.o
  CC      arch/arm/vfp/vfpdouble.o
  CC      init/do_mounts_initrd.o
  CC      init/initramfs.o
  CC      init/calibrate.o
  CC      init/init_task.o
  LD      arch/arm/vfp/vfp.o
  LD      arch/arm/vfp/built-in.o
  CC      arch/arm/kernel/elf.o
  CC      arch/arm/mm/dma-mapping.o
  CC      init/version.o
  CC      arch/arm/kernel/irq.o
  LD      init/mounts.o
  CC      arch/arm/common/firmware.o
  LD      init/built-in.o
  LD      arch/arm/common/built-in.o
  CC      arch/arm/mach-imx/time.o
  CC      arch/arm/kernel/opcodes.o
  CC      kernel/fork.o
  CC      arch/arm/mm/extable.o
  CC      arch/arm/mach-imx/cpu.o
  CC      arch/arm/mm/fault.o
  CC      arch/arm/kernel/process.o
  CC      arch/arm/mach-imx/system.o
  CC      arch/arm/mm/init.o
  CC      arch/arm/mach-imx/irq-common.o
  CC      arch/arm/kernel/ptrace.o
  CC      arch/arm/mach-imx/common.o
  CC      arch/arm/mach-imx/cpu-imx5.o
  CC      arch/arm/mm/iomap.o
  CC      arch/arm/kernel/reboot.o
  CC      kernel/exec_domain.o
  CC      arch/arm/mach-imx/clk-imx51-imx53.o
  CC      kernel/panic.o
  CC      arch/arm/mm/fault-armv.o
  CC      arch/arm/kernel/return_address.o
  CC      arch/arm/mm/flush.o
  CC      arch/arm/kernel/setup.o
  CC      arch/arm/mach-imx/clk-cpu.o
  CC      kernel/cpu.o
  CC      arch/arm/mach-imx/pm-imx5.o
  CC      arch/arm/mm/idmap.o
  CC      arch/arm/mach-imx/clk-pllv1.o
  CC      arch/arm/mach-imx/clk-pllv2.o
  CC      arch/arm/mm/ioremap.o
  CC      arch/arm/kernel/signal.o
  CC      kernel/exit.o
  CC      arch/arm/mach-imx/clk-pllv3.o
  CC      arch/arm/kernel/stacktrace.o
  CC      arch/arm/mach-imx/clk-gate2.o
  CC      arch/arm/mm/mmap.o
  CC      arch/arm/kernel/sys_arm.o
  CC      arch/arm/mach-imx/clk-pfd.o
  CC      arch/arm/mm/pgd.o
  CC      arch/arm/kernel/time.o
  CC      arch/arm/mach-imx/clk-busy.o
  CC      arch/arm/mm/mmu.o
  CC      arch/arm/mach-imx/clk.o
  CC      kernel/softirq.o
  CC      arch/arm/kernel/traps.o
  CC      arch/arm/mach-imx/clk-fixup-div.o
  CC      arch/arm/mach-imx/clk-fixup-mux.o
  CC      arch/arm/mach-imx/clk-gate-exclusive.o
  CC      arch/arm/mm/pageattr.o
  CC      arch/arm/kernel/atags_parse.o
  CC      kernel/resource.o
  CC      arch/arm/mach-imx/tzic.o
  CC      arch/arm/mm/proc-syms.o
  CC      arch/arm/kernel/cpuidle.o
  CC      arch/arm/mach-imx/cpuidle-imx5.o
  CC      arch/arm/kernel/fiq.o
  CC      arch/arm/mm/alignment.o
  CC      arch/arm/mach-imx/cpuidle-imx6q.o
  CC      arch/arm/mach-imx/cpuidle-imx6sl.o
  CC      kernel/sysctl.o
  CC      arch/arm/kernel/armksyms.o
  CC      arch/arm/mm/highmem.o
  CC      arch/arm/mach-imx/cpuidle-imx6sx.o
  CC      arch/arm/kernel/module.o
  CC      arch/arm/mm/copypage-v6.o
  CC      arch/arm/mach-imx/cpuidle-imx6ul.o
  CC      arch/arm/kernel/suspend.o
  CC      arch/arm/mm/context.o
  CC      arch/arm/mach-imx/cpuidle-imx6sll.o
  CC      arch/arm/kernel/smp.o
  CC      arch/arm/mm/l2c-common.o
  CC      arch/arm/mm/cache-l2x0.o
  CC      arch/arm/mach-imx/cpuidle-imx7d.o
  CC      kernel/sysctl_binary.o
  CC      arch/arm/kernel/smp_tlb.o
  CC      arch/arm/mach-imx/ssi-fiq-ksym.o
  CC      kernel/capability.o
  LD      arch/arm/mm/built-in.o
  CC      arch/arm/mach-imx/anatop.o
  CC      arch/arm/mach-imx/gpc.o
  CC      arch/arm/kernel/smp_scu.o
  CC      arch/arm/kernel/smp_twd.o
  CC      arch/arm/kernel/arch_timer.o
  CC      arch/arm/kernel/unwind.o
  CC      arch/arm/kernel/devtree.o
  CC      kernel/ptrace.o
  CC      arch/arm/mach-imx/gpcv2.o
  CC      arch/arm/kernel/swp_emulate.o
  CC      arch/arm/kernel/hw_breakpoint.o
  CC      arch/arm/mach-imx/mmdc.o
  CC      kernel/user.o
  CC      arch/arm/mach-imx/ddrc.o
  CC      kernel/signal.o
  CC      arch/arm/kernel/perf_regs.o
  CC      arch/arm/mach-imx/src.o
  CC      kernel/sys.o
  CC      arch/arm/kernel/perf_callchain.o
  CC      arch/arm/mach-imx/mu.o
  CC      arch/arm/kernel/perf_event.o
  CC      arch/arm/mach-imx/imx_rpmsg.o
  CC      arch/arm/mach-imx/platsmp.o
  CC      arch/arm/kernel/perf_event_cpu.o
  CC      arch/arm/mach-imx/hotplug.o
  CC      kernel/kmod.o
  CC      arch/arm/mach-imx/busfreq_lpddr2.o
  CC      kernel/workqueue.o
  CC      arch/arm/mach-imx/busfreq-imx.o
  CC      kernel/pid.o
  CC      arch/arm/kernel/topology.o
  CC      arch/arm/kernel/vdso.o
  CC      arch/arm/kernel/io.o
  CC      kernel/task_work.o
  CC      arch/arm/mach-imx/busfreq_ddr3.o
  LD      arch/arm/kernel/built-in.o
  CC      kernel/extable.o
  CC      mm/filemap.o
  CC      kernel/params.o
  CC      kernel/kthread.o
  CC      arch/arm/mach-imx/clk-imx6q.o
  CC      kernel/sys_ni.o
  CC      kernel/nsproxy.o
  CC      kernel/notifier.o
  CC      arch/arm/mach-imx/mach-imx6q.o
  CC      mm/mempool.o
  CC      kernel/ksysfs.o
  CC      mm/oom_kill.o
  CC      arch/arm/mach-imx/clk-imx6sl.o
  CC      kernel/cred.o
  CC      kernel/reboot.o
  CC      arch/arm/mach-imx/mach-imx6sl.o
  CC      mm/maccess.o
  CC      arch/arm/mach-imx/clk-imx6sll.o
  CC      kernel/async.o
  CC      arch/arm/mach-imx/clk-imx6sx.o
  CC      mm/page_alloc.o
  CC      arch/arm/mach-imx/mach-imx6sx.o
  CC      kernel/range.o
  CC      kernel/smpboot.o
  CC      kernel/groups.o
  CC      arch/arm/mach-imx/clk-imx6ul.o
  CC      kernel/bpf/core.o
  CC      kernel/events/core.o
  CC      arch/arm/mach-imx/mach-imx6ul.o
  CC      arch/arm/mach-imx/clk-imx7d.o
  LD      kernel/bpf/built-in.o
  CC      arch/arm/mach-imx/mach-imx7d.o
  CC      mm/page-writeback.o
  CC      kernel/events/ring_buffer.o
  CC      kernel/events/callchain.o
  CC      arch/arm/mach-imx/pm-imx6.o
  CC      kernel/events/hw_breakpoint.o
  CC      mm/readahead.o
  CC      arch/arm/mach-imx/pm-imx7.o
  CC      mm/swap.o
  CC      mm/truncate.o
  CC      arch/arm/mach-imx/mach-imx50.o
  CC      arch/arm/mach-imx/mach-imx53.o
  LD      kernel/events/built-in.o
  CC      kernel/irq/irqdesc.o
  CC      arch/arm/mach-imx/clk-vf610.o
  CC      mm/vmscan.o
  CC      kernel/locking/mutex.o
  CC      kernel/irq/handle.o
  CC      arch/arm/mach-imx/mach-vf610.o
  CC      arch/arm/mach-imx/devices/devices.o
  CC      kernel/irq/manage.o
  CC      arch/arm/mach-imx/devices/platform-gpio-mxc.o
  CC      kernel/locking/semaphore.o
  CC      arch/arm/mach-imx/devices/platform-imx-dma.o
  CC      kernel/locking/rwsem.o
  CC      mm/shmem.o
  LD      arch/arm/mach-imx/devices/built-in.o
  LD      arch/arm/mach-imx/built-in.o
  CC      mm/util.o
  CC      kernel/irq/spurious.o
  CC      kernel/locking/spinlock.o
  CC      kernel/irq/resend.o
  CC      kernel/locking/osq_lock.o
  CC      kernel/irq/chip.o
  CC      kernel/irq/dummychip.o
  CC      kernel/locking/lglock.o
  CC      kernel/irq/devres.o
  CC      kernel/locking/rtmutex.o
  CC      kernel/locking/rwsem-xadd.o
  CC      kernel/irq/generic-chip.o
  CC      mm/mmzone.o
  CC      mm/vmstat.o
  LD      kernel/locking/built-in.o
  CC      mm/backing-dev.o
  CC      kernel/power/qos.o
  CC      kernel/irq/autoprobe.o
  CC      kernel/irq/irqdomain.o
  CC      mm/mm_init.o
  CC      kernel/power/main.o
  CC      mm/mmu_context.o
  CC      kernel/printk/printk.o
  CC      mm/percpu.o
  CC      kernel/irq/proc.o
  CC      kernel/power/console.o
  CC      kernel/irq/pm.o
  CC      kernel/power/process.o
  LD      kernel/irq/built-in.o
  CC      kernel/rcu/update.o
  CC      kernel/power/suspend.o
  CC      mm/slab_common.o
  LD      kernel/printk/built-in.o
  CC      mm/compaction.o
  CC      kernel/rcu/srcu.o
  CC      kernel/rcu/tree.o
  CC      kernel/power/suspend_test.o
  CC      mm/vmacache.o
  CC      mm/interval_tree.o
  CC      mm/list_lru.o
  CC      kernel/power/poweroff.o
  LD      kernel/power/built-in.o
  CC      kernel/sched/core.o
  CC      mm/workingset.o
  CC      mm/debug.o
  CC      kernel/sched/proc.o
  CC      mm/gup.o
  CC      kernel/sched/clock.o
  CC      kernel/sched/cputime.o
  LD      kernel/rcu/built-in.o
  CC      fs/open.o
  CC      kernel/sched/idle_task.o
  CC      mm/highmem.o
  CC      mm/memory.o
  CC      fs/read_write.o
  CC      fs/file_table.o
  CC      kernel/sched/fair.o
  CC      fs/super.o
  CC      mm/mincore.o
  CC      fs/char_dev.o
  CC      mm/mlock.o
  CC      fs/stat.o
  CC      fs/exec.o
  CC      kernel/sched/rt.o
  CC      mm/mmap.o
  CC      fs/pipe.o
  CC      kernel/sched/deadline.o
  CC      fs/namei.o
  CC      fs/fcntl.o
  CC      kernel/sched/stop_task.o
  CC      mm/mprotect.o
  CC      kernel/sched/wait.o
  CC      fs/ioctl.o
  CC      mm/mremap.o
  CC      kernel/sched/completion.o
  CC      mm/msync.o
  CC      kernel/sched/idle.o
  CC      fs/readdir.o
  CC      mm/rmap.o
  CC      kernel/sched/cpupri.o
  CC      mm/vmalloc.o
  CC      kernel/sched/cpudeadline.o
  CC      fs/select.o
  LD      kernel/sched/built-in.o
  CC      kernel/time/time.o
  CC      mm/pagewalk.o
  CC      mm/pgtable-generic.o
  CC      kernel/time/timer.o
  CC      mm/process_vm_access.o
  CC      kernel/time/hrtimer.o
  CC      fs/dcache.o
  CC      mm/init-mm.o
  CC      mm/nobootmem.o
  CC      kernel/time/itimer.o
  CC      kernel/time/posix-timers.o
  CC      mm/fadvise.o
  CC      kernel/time/posix-cpu-timers.o
  CC      mm/madvise.o
  CC      fs/inode.o
  CC      fs/attr.o
  CC      mm/memblock.o
  CC      kernel/time/timekeeping.o
  CC      fs/bad_inode.o
  CC      mm/page_io.o
  CC      fs/file.o
  CC      fs/filesystems.o
  CC      mm/swap_state.o
  CC      kernel/time/ntp.o
  CC      mm/swapfile.o
  CC      kernel/time/clocksource.o
  CC      fs/namespace.o
  CC      kernel/time/jiffies.o
  CC      kernel/time/timer_list.o
  CC      kernel/time/timeconv.o
  CC      kernel/time/timecounter.o
  CC      kernel/time/posix-clock.o
  CC      kernel/time/alarmtimer.o
  CC      mm/dmapool.o
  CC      kernel/time/clockevents.o
  CC      kernel/time/tick-common.o
  CC      fs/seq_file.o
  CC      mm/slub.o
  CC      mm/migrate.o
  CC      kernel/time/tick-broadcast.o
  CC      fs/xattr.o
  CC      kernel/time/tick-broadcast-hrtimer.o
  CC      mm/page_isolation.o
  CC      kernel/time/sched_clock.o
  CC      mm/cma.o
  CC      kernel/time/tick-oneshot.o
  CC      fs/libfs.o
  CC      fs/fs-writeback.o
  CC      kernel/time/tick-sched.o
  LD      mm/built-in.o
  CC      ipc/util.o
  CC      ipc/msgutil.o
  CC      fs/pnode.o
  CC      kernel/time/timekeeping_debug.o
  CC      fs/splice.o
  CC      ipc/msg.o
  LD      kernel/time/built-in.o
  CC      kernel/freezer.o
  CC      fs/sync.o
  CC      ipc/sem.o
  CC      kernel/futex.o
  CC      fs/utimes.o
  CC      fs/stack.o
  CC      ipc/shm.o
  CC      fs/fs_struct.o
  CC      ipc/syscall.o
  CC      fs/statfs.o
  CC      kernel/smp.o
  CC      fs/fs_pin.o
  CC      ipc/ipc_sysctl.o
  CC      fs/nsfs.o
  LD      ipc/built-in.o
  CC      security/keys/gc.o
  CC      security/keys/key.o
  CC      fs/buffer.o
  CC      kernel/uid16.o
  CC      security/keys/keyring.o
  CC      kernel/module.o
  CC      security/commoncap.o
  CC      security/keys/keyctl.o
  CC      security/min_addr.o
  CC      security/inode.o
  CC      security/keys/permission.o
  CC      fs/block_dev.o
  CC      fs/direct-io.o
  CC      security/keys/process_keys.o
  CC      kernel/kallsyms.o
  CC      security/keys/request_key.o
  CC      kernel/cgroup.o
  CC      security/keys/request_key_auth.o
  CC      fs/mpage.o
  CC      security/keys/user_defined.o
  CC      security/keys/proc.o
  CC      crypto/api.o
  CC      fs/proc_namespace.o
  CC      security/keys/sysctl.o
  LD      security/keys/built-in.o
  LD      security/built-in.o
  CC      fs/autofs4/init.o
  CC      fs/configfs/inode.o
  CC      fs/autofs4/inode.o
  CC      crypto/cipher.o
  CC      fs/configfs/file.o
  CC      kernel/stop_machine.o
  CC      fs/autofs4/root.o
  CC      crypto/compress.o
  CC      fs/configfs/dir.o
  CC      crypto/memneq.o
  CC      kernel/relay.o
  CC      fs/autofs4/symlink.o
  CC      fs/autofs4/waitq.o
  CC      fs/configfs/symlink.o
  CC      crypto/crypto_wq.o
  CC      fs/autofs4/expire.o
  CC      fs/configfs/mount.o
  CC      kernel/utsname_sysctl.o
  CC      crypto/algapi.o
  CC      fs/configfs/item.o
  CC      fs/autofs4/dev-ioctl.o
  CC      kernel/elfcore.o
  CC      kernel/irq_work.o
  LD      fs/configfs/configfs.o
  LD      fs/configfs/built-in.o
  CC      fs/debugfs/inode.o
  LD      fs/autofs4/autofs4.o
  LD      fs/autofs4/built-in.o
  CC      fs/devpts/inode.o
  CC      kernel/cpu_pm.o
  LD      fs/devpts/devpts.o
  LD      fs/devpts/built-in.o
  LD      kernel/built-in.o
  CC      crypto/scatterwalk.o
  CC      fs/ext2/balloc.o
  CC      fs/debugfs/file.o
  CC      block/bio.o
  CC      crypto/proc.o
  CC      fs/ext2/dir.o
  LD      fs/debugfs/debugfs.o
  LD      fs/debugfs/built-in.o
  CC      crypto/aead.o
  CC      crypto/ablkcipher.o
  CC      fs/ext2/file.o
  CC      fs/ext2/ialloc.o
  CC      block/elevator.o
  CC      crypto/blkcipher.o
  CC      fs/ext2/inode.o
  CC      crypto/chainiv.o
  CC      crypto/eseqiv.o
  CC      block/blk-core.o
  CC      crypto/seqiv.o
  CC      fs/ext2/ioctl.o
  CC      crypto/ahash.o
  CC      fs/ext2/namei.o
  CC      crypto/shash.o
  CC      fs/ext2/super.o
  CC      drivers/ata/libata-core.o
  CC      crypto/pcompress.o
  CC      block/blk-tag.o
  CC      fs/ext2/symlink.o
  CC      fs/ext2/xattr.o
  CC      crypto/algboss.o
  CC      block/blk-sysfs.o
  CC      fs/ext2/xattr_user.o
  CC      crypto/testmgr.o
  CC      fs/ext2/xattr_trusted.o
  CC      block/blk-flush.o
  CC      fs/ext2/acl.o
  CC      fs/ext2/xattr_security.o
  CC      crypto/crypto_null.o
  CC      block/blk-settings.o
  LD      fs/ext2/ext2.o
  LD      fs/ext2/built-in.o
  CC      fs/ext3/balloc.o
  CC      crypto/gf128mul.o
  CC      drivers/ata/libata-scsi.o
  CC      crypto/ctr.o
  CC      block/blk-ioc.o
  CC      fs/ext3/bitmap.o
  CC      crypto/gcm.o
  CC      fs/ext3/dir.o
  CC      block/blk-map.o
  CC      fs/ext3/file.o
  CC      crypto/ccm.o
  CC      drivers/ata/libata-eh.o
  CC      block/blk-exec.o
  CC      fs/ext3/fsync.o
  CC      crypto/aes_generic.o
  CC      fs/ext3/ialloc.o
  CC      block/blk-merge.o
  CC      fs/ext3/inode.o
  CC      crypto/arc4.o
  CC      block/blk-softirq.o
  CC      crypto/deflate.o
  CC      drivers/ata/libata-transport.o
  CC      crypto/crc32c_generic.o
  CC      block/blk-timeout.o
  CC      drivers/ata/libata-trace.o
  CC      crypto/crct10dif_common.o
  CC      fs/ext3/ioctl.o
  CC      crypto/crct10dif_generic.o
  CC      drivers/ata/libata-sff.o
  CC      fs/ext3/namei.o
  CC      block/blk-iopoll.o
  CC      crypto/lzo.o
  CC      crypto/rng.o
  CC      block/blk-lib.o
  CC      fs/ext3/super.o
  CC      crypto/krng.o
  CC      block/blk-mq.o
  CC      crypto/ghash-generic.o
  CC      drivers/ata/libata-pmp.o
  LD      crypto/crypto.o
  LD      crypto/crypto_algapi.o
  LD      crypto/crypto_blkcipher.o
  LD      crypto/crypto_hash.o
  LD      crypto/cryptomgr.o
  LD      crypto/built-in.o
  CC      fs/ext3/symlink.o
  CC      fs/ext3/hash.o
  CC      drivers/ata/ahci_platform.o
  CC      sound/sound_core.o
  CC      fs/ext3/resize.o
  CC      drivers/ata/libahci.o
  CC      sound/core/sound.o
  CC      block/blk-mq-tag.o
  CC      fs/ext3/ext3_jbd.o
  CC      sound/core/init.o
  CC      fs/ext3/xattr.o
  CC      block/blk-mq-sysfs.o
  CC      sound/core/memory.o
  CC      fs/ext3/xattr_user.o
  CC      drivers/ata/libahci_platform.o
  CC      block/blk-mq-cpu.o
  CC      sound/core/info.o
  CC      fs/ext3/xattr_trusted.o
  CC      block/blk-mq-cpumap.o
  CC      fs/ext3/acl.o
  CC      block/ioctl.o
  CC      drivers/ata/ahci_imx.o
  CC      fs/ext3/xattr_security.o
  CC      sound/core/control.o
  LD      fs/ext3/ext3.o
  LD      fs/ext3/built-in.o
  CC      drivers/ata/pata_imx.o
  CC      fs/ext4/balloc.o
  CC      block/genhd.o
  LD      drivers/ata/libata.o
  LD      drivers/ata/built-in.o
  CC      sound/core/misc.o
  CC      drivers/base/component.o
  CC      fs/ext4/bitmap.o
  CC      sound/core/device.o
  CC      drivers/base/core.o
  CC      fs/ext4/dir.o
  CC      sound/core/ctljack.o
  CC      block/scsi_ioctl.o
  CC      sound/core/jack.o
  CC      fs/ext4/file.o
  CC      sound/core/timer.o
  CC      block/partition-generic.o
  CC      fs/ext4/fsync.o
  CC      drivers/base/bus.o
  CC      fs/ext4/ialloc.o
  CC      block/ioprio.o
  CC      drivers/base/dd.o
  CC      sound/core/pcm.o
  CC      drivers/base/syscore.o
  CC      fs/ext4/inode.o
  CC      block/partitions/check.o
  CC      block/partitions/msdos.o
  CC      sound/core/pcm_native.o
  CC      drivers/base/driver.o
  CC      drivers/base/class.o
  CC      block/partitions/efi.o
  CC      drivers/base/platform.o
  LD      block/partitions/built-in.o
  CC      block/bounce.o
  CC      block/noop-iosched.o
  CC      fs/ext4/page-io.o
  CC      drivers/base/cpu.o
  CC      sound/core/pcm_lib.o
  CC      block/deadline-iosched.o
  CC      fs/ext4/ioctl.o
  CC      drivers/base/firmware.o
  CC      block/cfq-iosched.o
  CC      drivers/base/init.o
  CC      drivers/base/map.o
  CC      fs/ext4/namei.o
  CC      drivers/base/devres.o
  CC      sound/core/pcm_timer.o
  CC      drivers/base/attribute_container.o
  CC      sound/core/pcm_misc.o
  LD      block/built-in.o
  CC      net/socket.o
  CC      drivers/base/transport_class.o
  CC      drivers/base/topology.o
  CC      sound/core/pcm_memory.o
  CC      drivers/base/container.o
  CC      fs/ext4/super.o
  CC      drivers/base/property.o
  CC      sound/core/memalloc.o
  CC      drivers/base/cacheinfo.o
  CC      sound/core/pcm_dmaengine.o
  CC      drivers/base/devtmpfs.o
  CC      net/can/af_can.o
  CC      drivers/base/dma-contiguous.o
  CC      sound/core/compress_offload.o
  CC      drivers/base/power/sysfs.o
  CC      net/can/proc.o
  CC      drivers/base/power/generic_ops.o
  LD      sound/core/snd.o
  LD      sound/core/snd-timer.o
  LD      sound/core/snd-pcm.o
  LD      sound/core/snd-pcm-dmaengine.o
  LD      sound/core/snd-compress.o
  LD      sound/core/built-in.o
  CC      fs/ext4/symlink.o
  CC      drivers/base/power/common.o
  CC      net/can/raw.o
  CC      sound/soc/soc-core.o
  CC      fs/ext4/hash.o
  CC      drivers/base/power/qos.o
  CC      fs/ext4/resize.o
  CC      net/can/bcm.o
  CC      drivers/base/power/runtime.o
  CC      net/can/gw.o
  CC      sound/soc/soc-dapm.o
  CC      fs/ext4/extents.o
  CC      drivers/base/power/main.o
  LD      net/can/can.o
  LD      net/can/can-raw.o
  LD      net/can/can-bcm.o
  LD      net/can/can-gw.o
  LD      net/can/built-in.o
  CC      net/core/sock.o
  CC      drivers/base/power/wakeup.o
  CC      sound/soc/soc-jack.o
  CC      drivers/base/power/opp.o
  CC      fs/ext4/ext4_jbd2.o
  CC      drivers/base/power/domain.o
  CC      sound/soc/soc-cache.o
  CC      net/core/request_sock.o
  CC      fs/ext4/migrate.o
  CC      sound/soc/soc-utils.o
  CC      fs/ext4/mballoc.o
  CC      net/core/skbuff.o
  CC      sound/soc/soc-pcm.o
  CC      drivers/base/power/domain_governor.o
  CC      drivers/base/power/clock_ops.o
  LD      drivers/base/power/built-in.o
  CC      drivers/base/regmap/regmap.o
  CC      sound/soc/soc-compress.o
  CC      drivers/base/regmap/regcache.o
  CC      fs/ext4/block_validity.o
  CC      sound/soc/soc-io.o
  CC      net/core/datagram.o
  CC      drivers/base/regmap/regcache-rbtree.o
  CC      fs/ext4/move_extent.o
  CC      sound/soc/soc-devres.o
  CC      drivers/base/regmap/regcache-lzo.o
  CC      drivers/base/regmap/regcache-flat.o
  CC      fs/ext4/mmp.o
  CC      sound/soc/soc-ops.o
  CC      drivers/base/regmap/regmap-debugfs.o
  CC      net/core/stream.o
  CC      fs/ext4/indirect.o
  CC      drivers/base/regmap/regmap-i2c.o
  CC      sound/soc/soc-generic-dmaengine-pcm.o
  CC      drivers/base/regmap/regmap-spi.o
  CC      net/core/scm.o
  CC      fs/ext4/extents_status.o
  CC      drivers/base/regmap/regmap-mmio.o
  CC      sound/soc/codecs/mc13783.o
  CC      drivers/base/regmap/regmap-irq.o
  CC      fs/ext4/xattr.o
  CC      sound/soc/codecs/sgtl5000.o
  CC      net/core/gen_stats.o
  LD      drivers/base/regmap/built-in.o
  CC      drivers/base/dma-mapping.o
  CC      sound/soc/codecs/tlv320aic23.o
  CC      net/core/gen_estimator.o
  CC      fs/ext4/xattr_user.o
  CC      drivers/base/dma-coherent.o
  CC      sound/soc/codecs/tlv320aic23-i2c.o
  CC      fs/ext4/xattr_trusted.o
  CC      sound/soc/codecs/wm8962.o
  CC      drivers/base/firmware_class.o
  CC      fs/ext4/inline.o
  CC      net/core/net_namespace.o
  CC      drivers/base/module.o
  LD      sound/soc/codecs/snd-soc-mc13783.o
  CC      net/core/secure_seq.o
  LD      sound/soc/codecs/snd-soc-sgtl5000.o
  LD      sound/soc/codecs/snd-soc-tlv320aic23.o
  CC      fs/ext4/readpage.o
  LD      sound/soc/codecs/snd-soc-tlv320aic23-i2c.o
  LD      sound/soc/codecs/snd-soc-wm8962.o
  LD      sound/soc/codecs/built-in.o
  CC      drivers/base/soc.o
  CC      sound/soc/fsl/fsl_ssi.o
  CC      drivers/base/pinctrl.o
  CC      net/core/flow_dissector.o
  LD      drivers/base/built-in.o
  CC      fs/ext4/acl.o
  CC      drivers/block/brd.o
  CC      sound/soc/fsl/fsl_ssi_dbg.o
  CC      fs/ext4/xattr_security.o
  CC      sound/soc/fsl/fsl_spdif.o
  CC      drivers/block/loop.o
  CC      net/core/sysctl_net_core.o
  LD      fs/ext4/ext4.o
  LD      fs/ext4/built-in.o
  CC      fs/fat/cache.o
  CC      sound/soc/fsl/fsl_utils.o
  CC      fs/fat/dir.o
  CC      net/core/dev.o
  CC      sound/soc/fsl/imx-ssi.o
  LD      drivers/block/built-in.o
  CC      drivers/bus/arm-cci.o
  CC      sound/soc/fsl/imx-audmux.o
  CC      fs/fat/fatent.o
  CC      drivers/bus/imx-weim.o
  CC      sound/soc/fsl/imx-pcm-fiq.o
  LD      drivers/bus/built-in.o
  CC      drivers/char/mem.o
  CC      drivers/char/random.o
  CC      sound/soc/fsl/imx-pcm-dma.o
  CC      fs/fat/file.o
  CC      sound/soc/fsl/eukrea-tlv320.o
  CC      fs/fat/inode.o
  CC      drivers/char/misc.o
  CC      sound/soc/fsl/imx-sgtl5000.o
  CC      drivers/char/hw_random/core.o
  CC      sound/soc/fsl/imx-wm8962.o
  CC      net/core/ethtool.o
  CC      fs/fat/misc.o
  CC      sound/soc/fsl/imx-spdif.o
  LD      drivers/char/hw_random/rng-core.o
  LD      drivers/char/hw_random/built-in.o
  CC      drivers/char/imx_amp/imx_sema4.o
  CC      sound/soc/fsl/imx-mc13783.o
  CC      fs/fat/nfs.o
  LD      drivers/char/imx_amp/built-in.o
  LD      drivers/char/built-in.o
  CC      drivers/clk/clk-devres.o
  LD      sound/soc/fsl/snd-soc-fsl-ssi.o
  LD      sound/soc/fsl/snd-soc-fsl-spdif.o
  LD      sound/soc/fsl/snd-soc-fsl-utils.o
  LD      sound/soc/fsl/snd-soc-imx-ssi.o
  LD      sound/soc/fsl/snd-soc-imx-audmux.o
  LD      sound/soc/fsl/snd-soc-eukrea-tlv320.o
  LD      sound/soc/fsl/snd-soc-imx-sgtl5000.o
  LD      sound/soc/fsl/snd-soc-imx-wm8962.o
  LD      sound/soc/fsl/snd-soc-imx-spdif.o
  LD      sound/soc/fsl/snd-soc-imx-mc13783.o
  LD      sound/soc/fsl/built-in.o
  LD      sound/soc/snd-soc-core.o
  CC      fs/fat/namei_vfat.o
  LD      sound/soc/built-in.o
  CC      drivers/clk/clkdev.o
  CC      sound/last.o
  CC      net/core/dev_addr_lists.o
  LD      sound/soundcore.o
  LD      sound/built-in.o
  CC      drivers/clk/clk.o
  CC      arch/arm/lib/delay.o
  LD      fs/fat/fat.o
  LD      fs/fat/vfat.o
  LD      fs/fat/built-in.o
  CC      fs/fuse/dev.o
  AR      arch/arm/lib/lib.a
  CC      lib/lockref.o
  CC      net/core/dst.o
  CC      lib/bcd.o
  CC      lib/div64.o
  CC      lib/sort.o
  CC      drivers/clk/clk-divider.o
  CC      lib/parser.o
  CC      lib/halfmd4.o
  CC      net/core/netevent.o
  CC      fs/fuse/dir.o
  CC      drivers/clk/clk-fixed-factor.o
  CC      lib/debug_locks.o
  CC      lib/random32.o
  CC      drivers/clk/clk-fixed-rate.o
  CC      lib/bust_spinlocks.o
  CC      net/core/neighbour.o
  CC      drivers/clk/clk-gate.o
  CC      lib/kasprintf.o
  CC      fs/fuse/file.o
  CC      drivers/clk/clk-mux.o
  CC      lib/bitmap.o
  CC      drivers/clk/clk-composite.o
  CC      lib/scatterlist.o
  CC      drivers/clk/clk-fractional-divider.o
  CC      drivers/clk/clk-gpio-gate.o
  CC      lib/gcd.o
  CC      lib/lcm.o
  CC      drivers/clk/clk-conf.o
  CC      lib/list_sort.o
  CC      fs/fuse/inode.o
  CC      lib/uuid.o
  LD      drivers/clk/built-in.o
  CC      drivers/clocksource/clksrc-of.o
  CC      net/core/rtnetlink.o
  CC      lib/flex_array.o
  CC      drivers/clocksource/mmio.o
  CC      drivers/clocksource/arm_arch_timer.o
  CC      lib/iov_iter.o
  CC      fs/fuse/control.o
  CC      drivers/clocksource/arm_global_timer.o
  LD      fs/fuse/fuse.o
  LD      fs/fuse/built-in.o
  CC      fs/jbd/transaction.o
  CC      drivers/clocksource/dummy_timer.o
  LD      drivers/clocksource/built-in.o
  CC      drivers/connector/cn_queue.o
  CC      lib/clz_ctz.o
  CC      lib/bsearch.o
  CC      lib/find_bit.o
  CC      drivers/connector/connector.o
  CC      lib/llist.o
  CC      fs/jbd/commit.o
  CC      net/core/utils.o
  CC      lib/memweight.o
  CC      lib/kfifo.o
  CC      fs/jbd/recovery.o
  CC      drivers/connector/cn_proc.o
  CC      net/core/link_watch.o
  CC      lib/percpu-refcount.o
  CC      fs/jbd/checkpoint.o
  LD      drivers/connector/cn.o
  CC      lib/percpu_ida.o
  LD      drivers/connector/built-in.o
  CC      drivers/cpufreq/cpufreq.o
  CC      fs/jbd/revoke.o
  CC      lib/rhashtable.o
  CC      net/core/filter.o
  CC      fs/jbd/journal.o
  CC      lib/reciprocal_div.o
  CC      drivers/cpufreq/freq_table.o
  CC      lib/string_helpers.o
  CC      lib/hexdump.o
  CC      net/core/sock_diag.o
  CC      drivers/cpufreq/cpufreq_opp.o
  LD      fs/jbd/jbd.o
  LD      fs/jbd/built-in.o
  CC      lib/kstrtox.o
  CC      fs/jbd2/transaction.o
  CC      drivers/cpufreq/cpufreq_stats.o
  CC      lib/pci_iomap.o
  CC      drivers/cpufreq/cpufreq_performance.o
  CC      drivers/cpufreq/cpufreq_powersave.o
  CC      lib/iomap_copy.o
  CC      net/core/dev_ioctl.o
  CC      drivers/cpufreq/cpufreq_userspace.o
  CC      lib/devres.o
  CC      drivers/cpufreq/cpufreq_ondemand.o
  CC      fs/jbd2/commit.o
  CC      lib/hweight.o
  CC      lib/assoc_array.o
  CC      net/core/tso.o
  CC      drivers/cpufreq/cpufreq_conservative.o
  CC      drivers/cpufreq/cpufreq_governor.o
  CC      fs/jbd2/recovery.o
  CC      lib/smp_processor_id.o
  CC      net/core/flow.o
  CC      lib/bitrev.o
  CC      drivers/cpufreq/imx6q-cpufreq.o
  CC      fs/jbd2/checkpoint.o
  CC      lib/rational.o
  CC      lib/crc16.o
  LD      drivers/cpufreq/built-in.o
  CC      drivers/cpuidle/cpuidle.o
  CC      lib/crc-t10dif.o
  CC      fs/jbd2/revoke.o
  CC      net/core/net-sysfs.o
  CC      lib/crc32.o
  CC      fs/jbd2/journal.o
  CC      drivers/cpuidle/driver.o
  CC      lib/genalloc.o
  CC      drivers/cpuidle/governor.o
  CC      drivers/cpuidle/sysfs.o
  CC      net/core/net-procfs.o
  CC      lib/fonts/fonts.o
  CC      drivers/cpuidle/governors/ladder.o
  CC      lib/fonts/font_8x8.o
  CC      drivers/cpuidle/governors/menu.o
  CC      lib/fonts/font_8x16.o
  CC      net/core/ptp_classifier.o
  LD      fs/jbd2/jbd2.o
  LD      fs/jbd2/built-in.o
  LD      lib/fonts/font.o
  CC      fs/jffs2/compr.o
  LD      lib/fonts/built-in.o
  LD      drivers/cpuidle/governors/built-in.o
  CC      lib/lz4/lz4_decompress.o
  LD      drivers/cpuidle/built-in.o
  CC      drivers/dma/dmaengine.o
  LD      net/core/built-in.o
  CC      fs/jffs2/dir.o
  CC      net/dns_resolver/dns_key.o
  LD      lib/lz4/built-in.o
  CC      lib/lzo/lzo1x_compress.o
  CC      net/dns_resolver/dns_query.o
  CC      lib/lzo/lzo1x_decompress_safe.o
  CC      fs/jffs2/file.o
  CC      drivers/dma/virt-dma.o
  LD      net/dns_resolver/dns_resolver.o
  LD      net/dns_resolver/built-in.o
  CC      net/ethernet/eth.o
  LD      lib/lzo/lzo_compress.o
  LD      lib/lzo/lzo_decompress.o
  LD      lib/lzo/built-in.o
  CC      lib/xz/xz_dec_syms.o
  CC      fs/jffs2/ioctl.o
  CC      lib/xz/xz_dec_stream.o
  CC      fs/jffs2/nodelist.o
  CC      drivers/dma/of-dma.o
  CC      lib/xz/xz_dec_lzma2.o
  CC      fs/jffs2/malloc.o
  CC      drivers/dma/ipu/ipu_irq.o
  LD      net/ethernet/built-in.o
  CC      net/ipv4/route.o
  CC      lib/xz/xz_dec_bcj.o
  CC      fs/jffs2/read.o
  CC      drivers/dma/ipu/ipu_idmac.o
  LD      lib/xz/xz_dec.o
  LD      lib/xz/built-in.o
  CC      lib/zlib_deflate/deflate.o
  CC      fs/jffs2/nodemgmt.o
  CC      lib/zlib_deflate/deftree.o
  LD      drivers/dma/ipu/built-in.o
  CC      drivers/dma/pxp/pxp_dma_v2.o
  CC      fs/jffs2/readinode.o
  CC      lib/zlib_deflate/deflate_syms.o
  LD      lib/zlib_deflate/zlib_deflate.o
  LD      lib/zlib_deflate/built-in.o
  CC      drivers/dma/pxp/pxp_device.o
  CC      lib/zlib_inflate/inffast.o
  CC      fs/jffs2/write.o
  CC      net/ipv4/inetpeer.o
  CC      lib/zlib_inflate/inflate.o
  CC      fs/jffs2/scan.o
  LD      drivers/dma/pxp/built-in.o
  CC      drivers/dma/imx-sdma.o
  CC      lib/zlib_inflate/infutil.o
  CC      lib/zlib_inflate/inftrees.o
  CC      lib/zlib_inflate/inflate_syms.o
  CC      net/ipv4/protocol.o
  CC      fs/jffs2/gc.o
  LD      lib/zlib_inflate/zlib_inflate.o
  LD      lib/zlib_inflate/built-in.o
  CC      lib/percpu_counter.o
  CC      drivers/dma/mxs-dma.o
  CC      lib/swiotlb.o
  CC      fs/jffs2/symlink.o
  CC      net/ipv4/ip_input.o
  CC      fs/jffs2/build.o
  LD      drivers/dma/built-in.o
  CC      drivers/dma-buf/dma-buf.o
  CC      fs/jffs2/erase.o
  CC      lib/iommu-helper.o
  CC      fs/jffs2/background.o
  CC      lib/iommu-common.o
  CC      drivers/dma-buf/fence.o
  CC      net/ipv4/ip_fragment.o
  CC      fs/jffs2/fs.o
  CC      drivers/dma-buf/reservation.o
  CC      lib/syscall.o
  CC      lib/nlattr.o
  CC      fs/jffs2/writev.o
  CC      drivers/dma-buf/seqno-fence.o
  CC      fs/jffs2/super.o
  CC      net/ipv4/ip_forward.o
  CC      lib/average.o
  LD      drivers/dma-buf/built-in.o
  CC      fs/jffs2/debug.o
  CC      drivers/gpio/devres.o
  CC      lib/cpu_rmap.o
  CC      net/ipv4/ip_options.o
  CC      fs/jffs2/wbuf.o
  CC      lib/dynamic_queue_limits.o
  CC      drivers/gpio/gpiolib.o
  CC      lib/glob.o
  CC      lib/strncpy_from_user.o
  CC      fs/jffs2/compr_rtime.o
  CC      lib/strnlen_user.o
  CC      lib/net_utils.o
  CC      fs/jffs2/compr_zlib.o
  CC      net/ipv4/ip_output.o
  CC      drivers/gpio/gpiolib-legacy.o
  LD      fs/jffs2/jffs2.o
  LD      fs/jffs2/built-in.o
  CC      fs/kernfs/mount.o
  CC      lib/stmp_device.o
  CC      drivers/gpio/gpiolib-of.o
  CC      fs/kernfs/inode.o
  CC      lib/oid_registry.o
  CC      drivers/gpio/gpiolib-sysfs.o
  CC      lib/argv_split.o
  CC      fs/kernfs/dir.o
  CC      lib/bug.o
  CC      lib/cmdline.o
  CC      drivers/gpio/gpio-generic.o
  CC      lib/cpumask.o
  CC      net/ipv4/ip_sockglue.o
  CC      fs/kernfs/file.o
  CC      lib/ctype.o
  CC      drivers/gpio/gpio-mxc.o
  CC      lib/dec_and_lock.o
  CC      lib/decompress.o
  CC      drivers/gpio/gpio-pca953x.o
  CC      lib/decompress_bunzip2.o
  CC      fs/kernfs/symlink.o
  CC      drivers/gpio/gpio-vf610.o
  CC      lib/decompress_inflate.o
  LD      fs/kernfs/built-in.o
  LD      drivers/gpio/built-in.o
  CC      lib/decompress_unlz4.o
  CC      fs/lockd/clntlock.o
  CC      drivers/gpu/drm/drm_auth.o
  CC      net/ipv4/inet_hashtables.o
  CC      lib/decompress_unlzma.o
  CC      drivers/gpu/drm/drm_bufs.o
  CC      lib/decompress_unlzo.o
  CC      lib/decompress_unxz.o
  CC      fs/lockd/clntproc.o
  CC      lib/dump_stack.o
  CC      net/ipv4/inet_timewait_sock.o
  CC      lib/earlycpio.o
  CC      lib/extable.o
  CC      lib/fdt.o
  CC      lib/fdt_empty_tree.o
  CC      drivers/gpu/drm/drm_cache.o
  CC      lib/fdt_ro.o
  CC      fs/lockd/clntxdr.o
  CC      net/ipv4/inet_connection_sock.o
  CC      lib/fdt_rw.o
  CC      lib/fdt_strerror.o
  CC      lib/fdt_sw.o
  CC      drivers/gpu/drm/drm_context.o
  CC      fs/lockd/host.o
  CC      lib/fdt_wip.o
  CC      lib/flex_proportions.o
  CC      drivers/gpu/drm/drm_dma.o
  CC      lib/idr.o
  CC      fs/lockd/svc.o
  CC      drivers/gpu/drm/drm_fops.o
  CC      net/ipv4/tcp.o
  CC      lib/int_sqrt.o
  CC      lib/ioremap.o
  CC      lib/irq_regs.o
  CC      drivers/gpu/drm/drm_gem.o
  CC      fs/lockd/svclock.o
  CC      lib/is_single_threaded.o
  CC      lib/klist.o
  CC      fs/lockd/svcshare.o
  CC      lib/kobject.o
  CC      drivers/gpu/drm/drm_ioctl.o
  CC      fs/lockd/svcproc.o
  CC      lib/kobject_uevent.o
  CC      net/ipv4/tcp_input.o
  CC      drivers/gpu/drm/drm_irq.o
  CC      fs/lockd/svcsubs.o
  CC      lib/md5.o
  CC      lib/plist.o
  CC      lib/proportions.o
  CC      fs/lockd/mon.o
  CC      lib/radix-tree.o
  CC      drivers/gpu/drm/drm_lock.o
  CC      fs/lockd/xdr.o
  CC      lib/ratelimit.o
  CC      drivers/gpu/drm/drm_memory.o
  CC      lib/rbtree.o
  CC      fs/lockd/clnt4xdr.o
  CC      lib/seq_buf.o
  CC      drivers/gpu/drm/drm_drv.o
  CC      lib/sha1.o
  CC      net/ipv4/tcp_output.o
  CC      fs/lockd/xdr4.o
  CC      lib/show_mem.o
  CC      lib/string.o
  CC      drivers/gpu/drm/drm_vm.o
  CC      fs/lockd/svc4proc.o
  CC      lib/timerqueue.o
  CC      lib/vsprintf.o
  CC      fs/lockd/procfs.o
  CC      drivers/gpu/drm/drm_agpsupport.o
  LD      fs/lockd/lockd.o
  LD      fs/lockd/built-in.o
  CC      drivers/gpu/drm/drm_scatter.o
  CC      fs/nfs/client.o
  CC      net/ipv4/tcp_timer.o
  CC      drivers/gpu/drm/drm_pci.o
  LD      lib/built-in.o
  AR      lib/lib.a
  CC      net/ipv4/tcp_ipv4.o
  CC      drivers/gpu/drm/drm_platform.o
  CC      drivers/gpu/drm/drm_sysfs.o
  CC      fs/nfs/dir.o
  CC      fs/nfs/file.o
  CC      drivers/gpu/drm/drm_hashtab.o
  CC      net/ipv4/tcp_minisocks.o
  CC      drivers/gpu/drm/drm_mm.o
  CC      fs/nfs/getroot.o
  CC      fs/nfs/inode.o
  CC      fs/nfs/super.o
  CC      net/ipv4/tcp_cong.o
  CC      drivers/gpu/drm/drm_crtc.o
  CC      net/ipv4/tcp_metrics.o
  CC      net/ipv4/tcp_fastopen.o
  CC      fs/nfs/direct.o
  CC      fs/nfs/pagelist.o
  CC      net/ipv4/tcp_offload.o
  CC      drivers/gpu/drm/drm_modes.o
  CC      drivers/gpu/drm/drm_edid.o
  CC      net/ipv4/datagram.o
  CC      net/ipv4/raw.o
  CC      fs/nfs/read.o
  CC      drivers/gpu/drm/drm_info.o
  CC      fs/nfs/symlink.o
  CC      net/ipv4/udp.o
  CC      fs/nfs/unlink.o
  CC      drivers/gpu/drm/drm_debugfs.o
  CC      drivers/gpu/drm/drm_encoder_slave.o
  CC      fs/nfs/write.o
  CC      drivers/gpu/drm/drm_trace_points.o
  CC      drivers/gpu/drm/drm_global.o
  CC      drivers/gpu/drm/drm_prime.o
  CC      drivers/gpu/drm/drm_rect.o
  CC      drivers/gpu/drm/drm_vma_manager.o
  CC      drivers/gpu/drm/drm_flip_work.o
  CC      net/ipv4/udplite.o
  CC      fs/nfs/namespace.o
  CC      drivers/gpu/drm/drm_modeset_lock.o
  CC      net/ipv6/af_inet6.o
  CC      net/ipv4/udp_offload.o
  CC      fs/nfs/mount_clnt.o
  CC      drivers/gpu/drm/drm_atomic.o
  CC      fs/nfs/nfstrace.o
  CC      net/ipv4/arp.o
  CC      net/ipv6/anycast.o
  CC      fs/nfs/nfsroot.o
  CC      drivers/gpu/drm/drm_bridge.o
  CC      net/ipv6/ip6_output.o
  CC      fs/nfs/sysctl.o
  CC      drivers/gpu/drm/drm_of.o
  CC      net/ipv4/icmp.o
  CC      fs/nfs/nfs2super.o
  CC      drivers/gpu/drm/vivante/vivante_drv.o
  CC      fs/nfs/proc.o
  LD      drivers/gpu/drm/vivante/vivante.o
  LD      drivers/gpu/drm/vivante/built-in.o
  LD      drivers/gpu/drm/drm.o
  LD      drivers/gpu/drm/built-in.o
  LD      drivers/gpu/built-in.o
  CC      drivers/hid/hid-core.o
  CC      net/ipv4/devinet.o
  CC      net/ipv6/ip6_input.o
  CC      fs/nfs/nfs2xdr.o
  CC      net/ipv6/addrconf.o
  CC      fs/nfs/nfs3super.o
  CC      drivers/hid/hid-input.o
  CC      fs/nfs/nfs3client.o
  CC      net/ipv4/af_inet.o
  CC      fs/nfs/nfs3proc.o
  CC      drivers/hid/hid-debug.o
  CC      fs/nfs/nfs3xdr.o
  CC      drivers/hid/hid-generic.o
  CC      net/ipv4/igmp.o
  CC      drivers/hid/usbhid/hid-core.o
  CC      net/ipv6/addrlabel.o
  CC      fs/nfs/nfs3acl.o
  CC      drivers/hid/usbhid/hid-quirks.o
  CC      net/ipv6/route.o
  CC      net/ipv4/fib_frontend.o
  LD      drivers/hid/usbhid/usbhid.o
  LD      drivers/hid/usbhid/built-in.o
  LD      drivers/hid/hid.o
  LD      drivers/hid/built-in.o
  CC      fs/nfs/nfs4proc.o
  CC      drivers/i2c/i2c-boardinfo.o
  CC      drivers/i2c/i2c-core.o
  CC      net/ipv4/fib_semantics.o
  CC      net/ipv6/ip6_fib.o
  CC      drivers/i2c/i2c-dev.o
  CC      drivers/i2c/i2c-mux.o
  CC      net/ipv4/fib_trie.o
  CC      drivers/i2c/algos/i2c-algo-bit.o
  CC      net/ipv6/ipv6_sockglue.o
  CC      fs/nfs/nfs4xdr.o
  LD      drivers/i2c/algos/built-in.o
  CC      drivers/i2c/busses/i2c-imx.o
  CC      net/ipv4/inet_fragment.o
  LD      drivers/i2c/busses/built-in.o
  LD      drivers/i2c/built-in.o
  CC      drivers/iio/industrialio-core.o
  CC      net/ipv6/ndisc.o
  CC      drivers/iio/industrialio-event.o
  CC      net/ipv4/ping.o
  CC      fs/nfs/nfs4state.o
  CC      net/ipv6/udp.o
  CC      drivers/iio/inkern.o
  CC      drivers/iio/industrialio-buffer.o
  CC      net/ipv4/ip_tunnel_core.o
  CC      fs/nfs/nfs4renewd.o
  CC      drivers/iio/buffer_cb.o
  CC      net/ipv4/gre_offload.o
  CC      fs/nfs/nfs4super.o
  CC      drivers/iio/adc/vf610_adc.o
  CC      net/ipv6/udplite.o
  LD      drivers/iio/adc/built-in.o
  CC      net/ipv4/ip_tunnel.o
  CC      fs/nfs/nfs4file.o
  LD      drivers/iio/industrialio.o
  LD      drivers/iio/built-in.o
  CC      drivers/input/input.o
  CC      net/ipv6/raw.o
  CC      fs/nfs/delegation.o
  CC      net/ipv6/icmp.o
  CC      drivers/input/input-compat.o
  CC      net/ipv4/sysctl_net_ipv4.o
  CC      drivers/input/input-mt.o
  CC      fs/nfs/nfs4idmap.o
  CC      net/ipv4/proc.o
  CC      drivers/input/ff-core.o
  CC      net/ipv6/mcast.o
  CC      drivers/input/input-polldev.o
  CC      net/ipv4/tunnel4.o
  CC      fs/nfs/callback.o
  CC      drivers/input/matrix-keymap.o
  CC      fs/nfs/callback_xdr.o
  CC      drivers/input/mousedev.o
  CC      net/ipv4/ipconfig.o
  CC      fs/nfs/callback_proc.o
  CC      drivers/input/evdev.o
  CC      net/ipv6/reassembly.o
  CC      net/ipv4/netfilter.o
  CC      fs/nfs/nfs4namespace.o
  CC      drivers/input/keyboard/atkbd.o
  CC      fs/nfs/nfs4getroot.o
  CC      drivers/input/keyboard/gpio_keys.o
  CC      net/ipv6/tcp_ipv6.o
  CC      net/ipv4/inet_diag.o
  CC      fs/nfs/nfs4client.o
  CC      drivers/input/keyboard/imx_keypad.o
  CC      drivers/input/keyboard/snvs_pwrkey.o
  CC      net/ipv6/ping.o
  LD      drivers/input/keyboard/built-in.o
  CC      drivers/input/misc/mma8450.o
  CC      net/ipv4/tcp_diag.o
  CC      fs/nfs/nfs4session.o
  LD      drivers/input/misc/built-in.o
  CC      drivers/input/touchscreen/of_touchscreen.o
  CC      net/ipv4/tcp_cubic.o
  CC      fs/nfs/dns_resolve.o
  CC      net/ipv6/exthdrs.o
  CC      drivers/input/touchscreen/egalax_ts.o
  CC      drivers/input/touchscreen/imx6ul_tsc.o
  CC      net/ipv4/xfrm4_policy.o
  CC      fs/nfs/nfs4trace.o
  CC      drivers/input/touchscreen/mc13783_ts.o
  CC      fs/nfs/nfs4sysctl.o
  CC      drivers/input/touchscreen/stmpe-ts.o
  CC      net/ipv4/xfrm4_state.o
  CC      net/ipv6/datagram.o
  CC      drivers/input/touchscreen/tsc2007.o
  LD      fs/nfs/nfs.o
  LD      fs/nfs/nfsv2.o
  LD      fs/nfs/nfsv3.o
  LD      fs/nfs/nfsv4.o
  CC      net/ipv4/xfrm4_input.o
  LD      fs/nfs/built-in.o
  CC      fs/nfs_common/nfsacl.o
  CC      drivers/input/touchscreen/vtl/vtl_ts.o
  CC      net/ipv6/ip6_flowlabel.o
  LD      drivers/input/touchscreen/vtl/built-in.o
  LD      drivers/input/touchscreen/built-in.o
  LD      drivers/input/input-core.o
  LD      drivers/input/built-in.o
  CC      drivers/input/serio/serio.o
  CC      fs/nfs_common/grace.o
  CC      net/ipv4/xfrm4_output.o
  LD      fs/nfs_common/nfs_acl.o
  LD      fs/nfs_common/built-in.o
  CC      fs/nls/nls_base.o
  CC      drivers/input/serio/libps2.o
  CC      net/ipv6/inet6_connection_sock.o
  CC      fs/nls/nls_cp437.o
  CC      net/ipv4/xfrm4_protocol.o
  LD      drivers/input/serio/built-in.o
  CC      fs/nls/nls_ascii.o
  CC      drivers/irqchip/irqchip.o
  CC      drivers/irqchip/irq-gic.o
  CC      fs/nls/nls_iso8859-1.o
  CC      fs/nls/nls_utf8.o
  LD      fs/nls/built-in.o
  CC      fs/notify/fsnotify.o
  CC      net/ipv6/sysctl_net_ipv6.o
  CC      drivers/irqchip/irq-gic-common.o
  LD      net/ipv4/built-in.o
  CC      net/ipv6/xfrm6_policy.o
  CC      drivers/irqchip/irq-vf610-mscm-ir.o
  CC      fs/notify/notification.o
  CC      net/ipv6/xfrm6_state.o
  LD      drivers/irqchip/built-in.o
  CC      drivers/leds/led-core.o
  CC      net/ipv6/xfrm6_input.o
  CC      drivers/leds/led-class.o
  CC      fs/notify/group.o
  CC      net/ipv6/xfrm6_output.o
  CC      drivers/leds/led-triggers.o
  CC      fs/notify/inode_mark.o
  CC      fs/notify/mark.o
  CC      drivers/leds/leds-gpio.o
  CC      net/ipv6/xfrm6_protocol.o
  CC      drivers/leds/trigger/ledtrig-timer.o
  CC      drivers/media/i2c/soc_camera/ov2640.o
  CC      fs/notify/vfsmount_mark.o
  CC      drivers/leds/trigger/ledtrig-oneshot.o
  CC      drivers/leds/trigger/ledtrig-heartbeat.o
  CC      fs/notify/fdinfo.o
  LD      drivers/media/i2c/soc_camera/built-in.o
  CC      drivers/media/i2c/ir-kbd-i2c.o
  CC      net/ipv6/netfilter.o
  CC      fs/notify/dnotify/dnotify.o
  CC      drivers/leds/trigger/ledtrig-backlight.o
  LD      drivers/media/i2c/built-in.o
  LD      fs/notify/dnotify/built-in.o
  CC      drivers/leds/trigger/ledtrig-gpio.o
  CC      fs/notify/inotify/inotify_fsnotify.o
  CC      drivers/media/platform/coda/coda-common.o
  LD      drivers/leds/trigger/built-in.o
  CC      fs/notify/inotify/inotify_user.o
  LD      drivers/leds/built-in.o
  CC      drivers/media/platform/coda/coda-bit.o
  CC      net/ipv6/proc.o
  LD      fs/notify/inotify/built-in.o
  LD      fs/notify/built-in.o
  CC      fs/proc/task_mmu.o
  CC      drivers/media/platform/coda/coda-h264.o
  CC      drivers/media/platform/coda/coda-jpeg.o
  CC      net/ipv6/xfrm6_mode_transport.o
  CC      fs/proc/inode.o
  LD      drivers/media/platform/coda/coda.o
  LD      drivers/media/platform/coda/built-in.o
  CC      fs/proc/root.o
  CC      drivers/media/platform/mxc/output/mxc_pxp_v4l2.o
  CC      fs/proc/base.o
  CC      net/ipv6/xfrm6_mode_tunnel.o
  CC      drivers/media/platform/soc_camera/soc_camera.o
  CC      net/ipv6/xfrm6_mode_beet.o
  LD      drivers/media/platform/mxc/output/built-in.o
  CC      drivers/media/platform/soc_camera/soc_mediabus.o
  CC      fs/proc/generic.o
  CC      net/ipv6/sit.o
  CC      fs/proc/array.o
  CC      drivers/media/platform/soc_camera/mx3_camera.o
  CC      fs/proc/fd.o
  CC      fs/proc/proc_tty.o
  LD      drivers/media/platform/soc_camera/built-in.o
  LD      drivers/media/platform/built-in.o
  CC      fs/proc/cmdline.o
  CC      drivers/media/v4l2-core/v4l2-dev.o
  CC      net/ipv6/addrconf_core.o
  CC      drivers/media/rc/keymaps/rc-adstech-dvb-t-pci.o
  CC      fs/proc/consoles.o
  CC      drivers/media/rc/keymaps/rc-alink-dtu-m.o
  CC      fs/proc/cpuinfo.o
  CC      drivers/media/rc/keymaps/rc-anysee.o
  CC      fs/proc/devices.o
  CC      drivers/media/rc/keymaps/rc-apac-viewcomp.o
  CC      fs/proc/interrupts.o
  CC      net/ipv6/exthdrs_core.o
  CC      drivers/media/v4l2-core/v4l2-ioctl.o
  CC      drivers/media/rc/keymaps/rc-asus-pc39.o
  CC      fs/proc/loadavg.o
  CC      drivers/media/rc/keymaps/rc-asus-ps3-100.o
  CC      fs/proc/meminfo.o
  CC      drivers/media/rc/keymaps/rc-ati-tv-wonder-hd-600.o
  CC      drivers/media/rc/keymaps/rc-ati-x10.o
  CC      fs/proc/stat.o
  CC      net/ipv6/ip6_checksum.o
  CC      drivers/media/rc/keymaps/rc-avermedia-a16d.o
  CC      fs/proc/uptime.o
  CC      drivers/media/rc/keymaps/rc-avermedia.o
  CC      fs/proc/version.o
  CC      drivers/media/rc/keymaps/rc-avermedia-cardbus.o
  CC      drivers/media/v4l2-core/v4l2-device.o
  CC      fs/proc/softirqs.o
  CC      net/ipv6/ip6_icmp.o
  CC      drivers/media/rc/keymaps/rc-avermedia-dvbt.o
  CC      fs/proc/namespaces.o
  CC      drivers/media/rc/keymaps/rc-avermedia-m135a.o
  CC      drivers/media/rc/keymaps/rc-avermedia-m733a-rm-k6.o
  CC      drivers/media/v4l2-core/v4l2-fh.o
  CC      fs/proc/self.o
  CC      drivers/media/rc/keymaps/rc-avermedia-rm-ks.o
  CC      net/ipv6/output_core.o
  CC      drivers/media/rc/keymaps/rc-avertv-303.o
  CC      fs/proc/thread_self.o
  CC      drivers/media/v4l2-core/v4l2-event.o
  CC      drivers/media/rc/keymaps/rc-azurewave-ad-tu700.o
  CC      fs/proc/proc_sysctl.o
  CC      drivers/media/rc/keymaps/rc-behold.o
  CC      drivers/media/v4l2-core/v4l2-ctrls.o
  CC      drivers/media/rc/keymaps/rc-behold-columbus.o
  CC      net/ipv6/protocol.o
  CC      drivers/media/rc/keymaps/rc-budget-ci-old.o
  CC      drivers/media/rc/keymaps/rc-cinergy-1400.o
  CC      fs/proc/proc_net.o
  CC      drivers/media/rc/keymaps/rc-cinergy.o
  CC      drivers/media/rc/keymaps/rc-delock-61959.o
  CC      net/ipv6/ip6_offload.o
  CC      drivers/media/rc/keymaps/rc-dib0700-nec.o
  CC      fs/proc/kmsg.o
  CC      drivers/media/rc/keymaps/rc-dib0700-rc5.o
  CC      net/ipv6/tcpv6_offload.o
  CC      fs/proc/page.o
  CC      drivers/media/rc/keymaps/rc-digitalnow-tinytwin.o
  CC      drivers/media/v4l2-core/v4l2-subdev.o
  CC      drivers/media/rc/keymaps/rc-digittrade.o
  LD      fs/proc/proc.o
  LD      fs/proc/built-in.o
  CC      fs/quota/dquot.o
  CC      drivers/media/rc/keymaps/rc-dm1105-nec.o
  CC      net/ipv6/udp_offload.o
  CC      drivers/media/v4l2-core/v4l2-clk.o
  CC      drivers/media/rc/keymaps/rc-dntv-live-dvb-t.o
  CC      drivers/media/rc/keymaps/rc-dntv-live-dvbt-pro.o
  CC      net/ipv6/exthdrs_offload.o
  CC      drivers/media/rc/keymaps/rc-dvbsky.o
  CC      drivers/media/v4l2-core/v4l2-async.o
  CC      drivers/media/rc/keymaps/rc-em-terratec.o
  CC      net/ipv6/inet6_hashtables.o
  CC      drivers/media/rc/keymaps/rc-encore-enltv2.o
  CC      drivers/media/rc/keymaps/rc-encore-enltv.o
  CC      drivers/media/v4l2-core/v4l2-of.o
  CC      drivers/media/rc/keymaps/rc-encore-enltv-fm53.o
  CC      fs/quota/quota.o
  CC      drivers/media/rc/keymaps/rc-evga-indtube.o
  CC      drivers/media/v4l2-core/v4l2-common.o
  LD      net/ipv6/ipv6.o
  CC      drivers/media/rc/keymaps/rc-eztv.o
  LD      net/ipv6/built-in.o
  CC      net/mac80211/main.o
  CC      fs/quota/kqid.o
  CC      drivers/media/rc/keymaps/rc-flydvb.o
  CC      drivers/media/rc/keymaps/rc-flyvideo.o
  CC      drivers/media/v4l2-core/v4l2-dv-timings.o
  CC      fs/quota/netlink.o
  CC      drivers/media/rc/keymaps/rc-fusionhdtv-mce.o
  CC      drivers/media/rc/keymaps/rc-gadmei-rm008z.o
  CC      drivers/media/v4l2-core/v4l2-mem2mem.o
  CC      drivers/media/rc/keymaps/rc-genius-tvgo-a11mce.o
  LD      fs/quota/built-in.o
  CC      fs/ramfs/inode.o
  CC      drivers/media/rc/keymaps/rc-gotview7135.o
  CC      fs/ramfs/file-mmu.o
  CC      drivers/media/rc/keymaps/rc-imon-mce.o
  CC      net/mac80211/status.o
  CC      drivers/media/v4l2-core/videobuf-core.o
  CC      drivers/media/rc/keymaps/rc-imon-pad.o
  LD      fs/ramfs/ramfs.o
  LD      fs/ramfs/built-in.o
  CC      fs/sysfs/file.o
  CC      drivers/media/rc/keymaps/rc-iodata-bctv7e.o
  CC      drivers/media/rc/keymaps/rc-it913x-v1.o
  CC      fs/sysfs/dir.o
  CC      drivers/media/rc/keymaps/rc-it913x-v2.o
  CC      drivers/media/rc/keymaps/rc-kaiomy.o
  CC      fs/sysfs/symlink.o
  CC      drivers/media/v4l2-core/videobuf-dma-contig.o
  CC      net/mac80211/sta_info.o
  CC      drivers/media/rc/keymaps/rc-kworld-315u.o
  CC      fs/sysfs/mount.o
  CC      drivers/media/rc/keymaps/rc-kworld-pc150u.o
  CC      fs/sysfs/group.o
  CC      drivers/media/rc/keymaps/rc-kworld-plus-tv-analog.o
  CC      drivers/media/v4l2-core/videobuf2-core.o
  CC      drivers/media/rc/keymaps/rc-leadtek-y04g0051.o
  LD      fs/sysfs/built-in.o
  CC      drivers/media/rc/keymaps/rc-lirc.o
  CC      fs/ubifs/shrinker.o
  CC      drivers/media/rc/keymaps/rc-lme2510.o
  CC      fs/ubifs/journal.o
  CC      drivers/media/rc/keymaps/rc-manli.o
  CC      net/mac80211/wep.o
  CC      drivers/media/rc/keymaps/rc-medion-x10.o
  CC      drivers/media/rc/keymaps/rc-medion-x10-digitainer.o
  CC      drivers/media/v4l2-core/videobuf2-memops.o
  CC      net/mac80211/wpa.o
  CC      drivers/media/rc/keymaps/rc-medion-x10-or2x.o
  CC      fs/ubifs/file.o
  CC      drivers/media/rc/keymaps/rc-msi-digivox-ii.o
  CC      drivers/media/rc/keymaps/rc-msi-digivox-iii.o
  CC      drivers/media/v4l2-core/videobuf2-vmalloc.o
  CC      drivers/media/rc/keymaps/rc-msi-tvanywhere.o
  CC      net/mac80211/scan.o
  CC      fs/ubifs/dir.o
  CC      drivers/media/rc/keymaps/rc-msi-tvanywhere-plus.o
  CC      drivers/media/rc/keymaps/rc-nebula.o
  CC      drivers/media/v4l2-core/videobuf2-dma-contig.o
  CC      drivers/media/rc/keymaps/rc-nec-terratec-cinergy-xs.o
  CC      drivers/media/rc/keymaps/rc-norwood.o
  CC      fs/ubifs/super.o
  CC      drivers/media/rc/keymaps/rc-npgtech.o
  CC      drivers/media/rc/keymaps/rc-pctv-sedna.o
  CC      net/mac80211/offchannel.o
  LD      drivers/media/v4l2-core/videodev.o
  LD      drivers/media/v4l2-core/built-in.o
  CC      fs/ubifs/sb.o
  CC      drivers/media/rc/keymaps/rc-pinnacle-color.o
  CC      drivers/media/rc/keymaps/rc-pinnacle-grey.o
  CC      drivers/media/rc/keymaps/rc-pinnacle-pctv-hd.o
  CC      drivers/media/rc/keymaps/rc-pixelview.o
  CC      fs/ubifs/io.o
  CC      drivers/media/rc/keymaps/rc-pixelview-mk12.o
  CC      net/mac80211/ht.o
  CC      fs/ubifs/tnc.o
  CC      drivers/media/rc/keymaps/rc-pixelview-002t.o
  CC      drivers/media/rc/keymaps/rc-pixelview-new.o
  CC      drivers/media/rc/keymaps/rc-powercolor-real-angel.o
  CC      drivers/media/rc/keymaps/rc-proteus-2309.o
  CC      fs/ubifs/master.o
  CC      drivers/media/rc/keymaps/rc-purpletv.o
  CC      net/mac80211/agg-tx.o
  CC      drivers/media/rc/keymaps/rc-pv951.o
  CC      fs/ubifs/scan.o
  CC      drivers/media/rc/keymaps/rc-hauppauge.o
  CC      net/mac80211/agg-rx.o
  CC      drivers/media/rc/keymaps/rc-rc6-mce.o
  CC      fs/ubifs/replay.o
  CC      drivers/media/rc/keymaps/rc-real-audio-220-32-keys.o
  CC      drivers/media/rc/keymaps/rc-reddo.o
  CC      fs/ubifs/log.o
  CC      drivers/media/rc/keymaps/rc-snapstream-firefly.o
  CC      net/mac80211/vht.o
  CC      net/mac80211/ibss.o
  CC      drivers/media/rc/keymaps/rc-streamzap.o
  CC      fs/ubifs/commit.o
  CC      drivers/media/rc/keymaps/rc-tbs-nec.o
  CC      drivers/media/rc/keymaps/rc-technisat-usb2.o
  CC      net/mac80211/iface.o
  CC      drivers/media/rc/keymaps/rc-terratec-cinergy-xs.o
  CC      fs/ubifs/gc.o
  CC      drivers/media/rc/keymaps/rc-terratec-slim.o
  CC      net/mac80211/rate.o
  CC      drivers/media/rc/keymaps/rc-terratec-slim-2.o
  CC      drivers/media/rc/keymaps/rc-tevii-nec.o
  CC      fs/ubifs/orphan.o
  CC      drivers/media/rc/keymaps/rc-tivo.o
  CC      drivers/media/rc/keymaps/rc-total-media-in-hand.o
  CC      drivers/media/rc/keymaps/rc-total-media-in-hand-02.o
  CC      fs/ubifs/budget.o
  CC      fs/ubifs/find.o
  CC      drivers/media/rc/keymaps/rc-trekstor.o
  CC      net/mac80211/michael.o
  CC      drivers/media/rc/keymaps/rc-tt-1500.o
  CC      net/mac80211/tkip.o
  CC      drivers/media/rc/keymaps/rc-twinhan1027.o
  CC      net/mac80211/aes_ccm.o
  CC      fs/ubifs/tnc_commit.o
  CC      drivers/media/rc/keymaps/rc-videomate-m1f.o
  CC      drivers/media/rc/keymaps/rc-videomate-s350.o
  CC      net/mac80211/aes_gcm.o
  CC      drivers/media/rc/keymaps/rc-videomate-tv-pvr.o
  CC      fs/ubifs/compress.o
  CC      drivers/media/rc/keymaps/rc-winfast.o
  CC      drivers/media/rc/keymaps/rc-winfast-usbii-deluxe.o
  CC      net/mac80211/aes_cmac.o
  CC      fs/ubifs/lpt.o
  CC      net/mac80211/aes_gmac.o
  CC      drivers/media/rc/keymaps/rc-su3000.o
  LD      drivers/media/rc/keymaps/built-in.o
  CC      drivers/media/rc/rc-main.o
  CC      drivers/media/rc/rc-ir-raw.o
  CC      net/mac80211/cfg.o
  CC      drivers/media/rc/ir-nec-decoder.o
  CC      fs/ubifs/lprops.o
  CC      net/mac80211/ethtool.o
  CC      drivers/media/rc/ir-rc5-decoder.o
  CC      net/mac80211/rx.o
  CC      drivers/media/rc/ir-rc6-decoder.o
  CC      fs/ubifs/recovery.o
  CC      drivers/media/rc/ir-jvc-decoder.o
  CC      net/netfilter/core.o
  CC      drivers/media/rc/ir-sony-decoder.o
  CC      fs/ubifs/ioctl.o
  CC      drivers/media/rc/ir-sanyo-decoder.o
  CC      fs/ubifs/lpt_commit.o
  CC      drivers/media/rc/ir-sharp-decoder.o
  CC      net/netfilter/nf_log.o
  CC      drivers/media/rc/ir-mce_kbd-decoder.o
  CC      net/mac80211/spectmgmt.o
  CC      drivers/media/rc/ir-xmp-decoder.o
  CC      fs/ubifs/tnc_misc.o
  CC      net/mac80211/tx.o
  CC      drivers/media/rc/gpio-ir-recv.o
  CC      net/netfilter/nf_queue.o
  CC      fs/ubifs/xattr.o
  LD      drivers/media/rc/rc-core.o
  LD      drivers/media/rc/built-in.o
  LD      drivers/media/built-in.o
  CC      drivers/mfd/stmpe.o
  CC      fs/ubifs/debug.o
  CC      net/netfilter/nf_sockopt.o
  CC      drivers/mfd/stmpe-i2c.o
  CC      drivers/mfd/mc13xxx-core.o
  CC      drivers/mfd/mc13xxx-spi.o
  LD      net/netfilter/netfilter.o
  LD      net/netfilter/built-in.o
  CC      net/mac80211/key.o
  CC      net/netlink/af_netlink.o
  CC      drivers/mfd/mc13xxx-i2c.o
  LD      fs/ubifs/ubifs.o
  LD      fs/ubifs/built-in.o
  CC      fs/eventpoll.o
  CC      drivers/mfd/mfd-core.o
  CC      drivers/mfd/da9052-irq.o
  CC      fs/anon_inodes.o
  CC      net/mac80211/util.o
  CC      drivers/mfd/da9052-core.o
  CC      fs/signalfd.o
  CC      net/netlink/genetlink.o
  CC      drivers/mfd/da9052-i2c.o
  CC      fs/timerfd.o
  CC      drivers/mfd/syscon.o
  LD      drivers/mfd/built-in.o
  CC      drivers/misc/eeprom/at24.o
  CC      fs/eventfd.o
  CC      drivers/misc/eeprom/at25.o
  LD      net/netlink/built-in.o
  CC      fs/aio.o
  CC      drivers/mmc/card/block.o
  LD      drivers/misc/eeprom/built-in.o
  CC      net/mac80211/wme.o
  CC      drivers/misc/sram.o
  LD      drivers/misc/built-in.o
  CC      drivers/mtd/mtdcore.o
  CC      net/mac80211/event.o
  CC      fs/locks.o
  CC      net/mac80211/chan.o
  CC      drivers/mmc/card/queue.o
  CC      drivers/mtd/mtdsuper.o
  CC      drivers/mtd/mtdconcat.o
  LD      drivers/mmc/card/mmc_block.o
  LD      drivers/mmc/card/built-in.o
  CC      drivers/mmc/core/core.o
  CC      fs/binfmt_script.o
  CC      drivers/mtd/mtdpart.o
  CC      fs/binfmt_elf.o
  CC      net/mac80211/trace.o
  CC      drivers/mtd/mtdchar.o
  CC      net/mac80211/mlme.o
  CC      drivers/mmc/core/bus.o
  CC      fs/mbcache.o
  CC      drivers/mtd/ofpart.o
  CC      drivers/mmc/core/host.o
  CC      drivers/mtd/cmdlinepart.o
  CC      drivers/mtd/mtd_blkdevs.o
  CC      fs/posix_acl.o
  CC      drivers/mmc/core/mmc.o
  CC      fs/coredump.o
  CC      drivers/mtd/mtdblock.o
  CC      drivers/mtd/chips/chipreg.o
  CC      drivers/mmc/core/mmc_ops.o
  CC      net/mac80211/tdls.o
  CC      drivers/mtd/chips/cfi_probe.o
  CC      fs/drop_caches.o
  CC      drivers/mtd/chips/cfi_util.o
  LD      fs/built-in.o
  CC      drivers/mmc/core/sd.o
  CC      drivers/mmc/core/sd_ops.o
  CC      drivers/mmc/core/sdio.o
  CC      drivers/mtd/chips/cfi_cmdset_0020.o
  CC      drivers/mmc/core/sdio_ops.o
  CC      net/mac80211/ocb.o
  CC      net/mac80211/pm.o
  CC      drivers/mmc/core/sdio_bus.o
  CC      drivers/mmc/core/sdio_cis.o
  CC      drivers/mmc/core/sdio_io.o
  CC      drivers/mmc/core/sdio_irq.o
  CC      net/mac80211/rc80211_minstrel.o
  CC      drivers/mtd/chips/cfi_cmdset_0002.o
  CC      drivers/mtd/chips/cfi_cmdset_0001.o
  CC      drivers/mmc/core/quirks.o
  CC      drivers/mmc/core/slot-gpio.o
  CC      net/mac80211/rc80211_minstrel_ht.o
  CC      drivers/mmc/core/pwrseq.o
  CC      drivers/mmc/core/pwrseq_simple.o
  CC      drivers/mmc/core/pwrseq_emmc.o
  LD      net/mac80211/mac80211.o
  LD      net/mac80211/built-in.o
  CC      net/packet/af_packet.o
  CC      drivers/mmc/core/debugfs.o
  CC      drivers/mtd/chips/gen_probe.o
  LD      drivers/mmc/core/mmc_core.o
  LD      drivers/mmc/core/built-in.o
  CC      drivers/mmc/host/sdhci.o
  CC      drivers/mtd/chips/jedec_probe.o
  CC      drivers/mmc/host/sdhci-pltfm.o
  LD      drivers/mtd/chips/built-in.o
  CC      drivers/mtd/devices/mtd_dataflash.o
  CC      drivers/mmc/host/sdhci-esdhc-imx.o
  CC      drivers/mtd/devices/m25p80.o
  CC      drivers/mtd/devices/sst25l.o
  LD      net/packet/built-in.o
  CC      net/rfkill/core.o
  CC      net/rfkill/input.o
  LD      drivers/mmc/host/built-in.o
  LD      drivers/mmc/built-in.o
  CC      drivers/mxc/ipu3/ipu_common.o
  LD      drivers/mtd/devices/built-in.o
  CC      drivers/mtd/maps/physmap_of.o
  CC      drivers/mxc/mlb/mxc_mlb.o
  LD      net/rfkill/rfkill.o
  LD      drivers/mtd/maps/built-in.o
  LD      net/rfkill/built-in.o
  CC      drivers/mtd/nand/nand_base.o
  CC      net/sched/sch_generic.o
  LD      drivers/mxc/mlb/built-in.o
  CC      net/sched/sch_mq.o
  CC      drivers/mtd/nand/nand_bbt.o
  LD      net/sched/built-in.o
  CC      net/sunrpc/clnt.o
  CC      drivers/mtd/nand/nand_timings.o
  CC      net/sunrpc/xprt.o
  CC      drivers/mxc/ipu3/ipu_ic.o
  CC      drivers/mtd/nand/nand_ecc.o
  CC      drivers/mxc/ipu3/ipu_disp.o
  CC      drivers/mtd/nand/nand_ids.o
  CC      drivers/mtd/nand/mxc_nand.o
  CC      drivers/mtd/nand/gpmi-nand/gpmi-nand.o
  CC      net/sunrpc/socklib.o
  CC      drivers/mtd/nand/gpmi-nand/gpmi-lib.o
  CC      drivers/mxc/ipu3/ipu_capture.o
  CC      drivers/mxc/ipu3/ipu_device.o
  CC      net/sunrpc/xprtsock.o
  LD      drivers/mtd/nand/gpmi-nand/gpmi_nand.o
  LD      drivers/mtd/nand/gpmi-nand/built-in.o
  LD      drivers/mtd/nand/nand.o
  LD      drivers/mtd/nand/built-in.o
  CC      drivers/mtd/spi-nor/spi-nor.o
  CC      drivers/mtd/ubi/vtbl.o
  CC      drivers/mtd/spi-nor/fsl-quadspi.o
  CC      drivers/mtd/ubi/vmt.o
  CC      net/sunrpc/sched.o
  CC      drivers/mtd/ubi/upd.o
  LD      drivers/mtd/spi-nor/built-in.o
  CC      drivers/net/mii.o
  CC      drivers/mxc/ipu3/ipu_calc_stripes_sizes.o
  CC      drivers/mtd/ubi/build.o
  CC      drivers/mxc/ipu3/vdoa.o
  CC      net/sunrpc/auth.o
  CC      drivers/net/Space.o
  CC      drivers/mtd/ubi/cdev.o
  CC      drivers/mxc/ipu3/ipu_pixel_clk.o
  CC      drivers/net/loopback.o
  CC      drivers/mxc/ipu3/prg.o
  CC      drivers/mtd/ubi/kapi.o
  CC      drivers/net/can/dev.o
  CC      net/sunrpc/auth_null.o
  CC      drivers/mxc/ipu3/pre.o
  CC      net/sunrpc/auth_unix.o
  CC      drivers/mtd/ubi/eba.o
  LD      drivers/mxc/ipu3/mxc_ipu.o
  LD      drivers/mxc/ipu3/built-in.o
  CC      drivers/mxc/vpu/mxc_vpu.o
  CC      drivers/net/can/flexcan.o
  CC      net/sunrpc/auth_generic.o
  LD      drivers/mxc/vpu/built-in.o
drivers/net/can/flexcan.c: In function ‘flexcan_dma_register_ops’:
drivers/net/can/flexcan.c:396:13: warning: assignment discards ‘const’ qualifier from pointer target type
     dma_ops = ops;
             ^
drivers/net/can/flexcan.c: In function ‘flexcan_dma_read_frame’:
drivers/net/can/flexcan.c:824:5: warning: ISO C90 forbids mixed declarations and code [-Wdeclaration-after-statement]
     struct net_device_stats *stats = &dev->stats;
     ^
drivers/net/can/flexcan.c:825:26: warning: unused variable ‘priv’ [-Wunused-variable]
     struct flexcan_priv *priv = netdev_priv(dev);
                          ^
  LD      drivers/mxc/built-in.o
  CC      drivers/mtd/ubi/io.o
  CC      drivers/of/base.o
  CC      net/sunrpc/svc.o
  CC      drivers/mtd/ubi/wl.o
  LD      drivers/net/can/can-dev.o
  LD      drivers/net/can/built-in.o
  CC      drivers/net/ethernet/cirrus/cs89x0.o
  CC      drivers/of/device.o
  CC      drivers/mtd/ubi/attach.o
  LD      drivers/net/ethernet/cirrus/built-in.o
  CC      drivers/net/ethernet/freescale/fec_main.o
  CC      drivers/of/platform.o
  CC      net/sunrpc/svcsock.o
  CC      drivers/of/fdt.o
  CC      drivers/mtd/ubi/misc.o
  CC      drivers/mtd/ubi/debug.o
  CC      drivers/of/fdt_address.o
  CC      net/sunrpc/svcauth.o
  LD      drivers/mtd/ubi/ubi.o
  LD      drivers/mtd/ubi/built-in.o
  LD      drivers/mtd/mtd.o
  LD      drivers/mtd/built-in.o
  CC      drivers/of/address.o
  CC      drivers/pinctrl/core.o
  CC      drivers/net/ethernet/freescale/fec_ptp.o
  CC      net/sunrpc/svcauth_unix.o
  CC      drivers/of/irq.o
  LD      drivers/net/ethernet/freescale/fec.o
  LD      drivers/net/ethernet/freescale/built-in.o
  CC      drivers/net/ethernet/smsc/smc91x.o
  CC      drivers/pinctrl/pinctrl-utils.o
  CC      drivers/of/of_net.o
  CC      drivers/pinctrl/pinmux.o
  CC      net/sunrpc/addr.o
  CC      drivers/pinctrl/pinconf.o
  CC      drivers/of/of_mdio.o
  CC      drivers/pinctrl/devicetree.o
  CC      drivers/net/ethernet/smsc/smc911x.o
  CC      drivers/pinctrl/freescale/pinctrl-imx.o
  CC      net/sunrpc/rpcb_clnt.o
  CC      drivers/of/of_mtd.o
  CC      drivers/pinctrl/freescale/pinctrl-imx50.o
  CC      drivers/of/of_reserved_mem.o
  CC      drivers/pinctrl/freescale/pinctrl-imx53.o
  CC      drivers/pinctrl/freescale/pinctrl-imx6q.o
  LD      drivers/of/built-in.o
  CC      net/sunrpc/timer.o
  CC      net/sunrpc/xdr.o
  CC      drivers/pinctrl/freescale/pinctrl-imx6dl.o
  CC      drivers/pinctrl/freescale/pinctrl-imx6sl.o
  CC      drivers/pinctrl/freescale/pinctrl-imx6sx.o
  CC      drivers/pinctrl/freescale/pinctrl-imx6ul.o
  CC      drivers/pinctrl/freescale/pinctrl-imx6sll.o
  CC      drivers/pinctrl/freescale/pinctrl-imx7d.o
  CC      net/sunrpc/sunrpc_syms.o
  CC      drivers/pinctrl/freescale/pinctrl-vf610.o
  CC      net/unix/af_unix.o
  LD      drivers/pinctrl/freescale/built-in.o
  LD      drivers/pinctrl/built-in.o
  CC      drivers/power/power_supply_core.o
  CC      net/sunrpc/cache.o
  CC      drivers/power/power_supply_sysfs.o
  CC      drivers/power/power_supply_leds.o
  LD      drivers/power/power_supply.o
  LD      drivers/power/built-in.o
  CC      drivers/pps/pps.o
  CC      net/unix/garbage.o
  CC      drivers/net/ethernet/smsc/smsc911x.o
  CC      drivers/pps/kapi.o
  CC      net/sunrpc/rpc_pipe.o
  CC      net/unix/sysctl_net_unix.o
  CC      drivers/pps/sysfs.o
  LD      drivers/pps/pps_core.o
  LD      drivers/pps/built-in.o
  CC      drivers/ptp/ptp_clock.o
  LD      net/unix/unix.o
  LD      net/unix/built-in.o
  CC      net/wireless/core.o
  LD      drivers/net/ethernet/smsc/built-in.o
  LD      drivers/net/ethernet/built-in.o
  CC      drivers/net/phy/phy.o
  CC      drivers/ptp/ptp_chardev.o
  CC      net/sunrpc/svc_xprt.o
  CC      drivers/ptp/ptp_sysfs.o
  LD      drivers/ptp/ptp.o
  LD      drivers/ptp/built-in.o
  CC      net/sunrpc/stats.o
  CC      drivers/net/phy/phy_device.o
  CC      net/wireless/sysfs.o
  CC      net/wireless/radiotap.o
  CC      net/wireless/util.o
  CC      net/sunrpc/sysctl.o
  CC      drivers/net/phy/mdio_bus.o
  CC      net/wireless/reg.o
  CC      net/sunrpc/auth_gss/auth_gss.o
  CC      drivers/net/phy/at803x.o
  CC      net/wireless/scan.o
  LD      drivers/net/phy/libphy.o
  LD      drivers/net/phy/built-in.o
  LD      drivers/net/built-in.o
  CC      drivers/pwm/core.o
  CC      net/sunrpc/auth_gss/gss_generic_token.o
  CC      drivers/pwm/sysfs.o
  CC      net/sunrpc/auth_gss/gss_mech_switch.o
  CC      net/sunrpc/auth_gss/svcauth_gss.o
  CC      drivers/pwm/pwm-imx.o
  CC      net/wireless/nl80211.o
  LD      drivers/pwm/built-in.o
  CC      drivers/regulator/core.o
  CC      drivers/regulator/dummy.o
  CC      drivers/regulator/fixed-helper.o
  CC      net/sunrpc/auth_gss/gss_rpc_upcall.o
  CC      drivers/regulator/helpers.o
  CC      drivers/regulator/devres.o
  CC      net/sunrpc/auth_gss/gss_rpc_xdr.o
  CC      drivers/regulator/of_regulator.o
  CC      drivers/regulator/fixed.o
  CC      drivers/regulator/anatop-regulator.o
  LD      net/sunrpc/auth_gss/auth_rpcgss.o
  LD      net/sunrpc/auth_gss/built-in.o
  LD      net/sunrpc/sunrpc.o
  LD      net/sunrpc/built-in.o
  CC      drivers/regulator/da9052-regulator.o
  CC      net/xfrm/xfrm_policy.o
  CC      drivers/regulator/mc13783-regulator.o
  CC      drivers/regulator/mc13892-regulator.o
  CC      net/xfrm/xfrm_state.o
  CC      drivers/regulator/mc13xxx-regulator-core.o
  CC      drivers/regulator/pfuze100-regulator.o
  LD      drivers/regulator/built-in.o
  CC      drivers/reset/core.o
  CC      net/xfrm/xfrm_hash.o
  CC      net/xfrm/xfrm_input.o
  CC      drivers/reset/gpio-reset.o
  CC      net/xfrm/xfrm_output.o
  CC      net/wireless/mlme.o
  LD      drivers/reset/built-in.o
  CC      drivers/rpmsg/virtio_rpmsg_bus.o
  CC      net/xfrm/xfrm_sysctl.o
  CC      net/xfrm/xfrm_replay.o
  LD      drivers/rpmsg/built-in.o
  CC      drivers/rtc/rtc-lib.o
  CC      net/wireless/ibss.o
  CC      net/sysctl_net.o
  CC      drivers/rtc/hctosys.o
  CC      drivers/rtc/systohc.o
  CC      drivers/rtc/class.o
  LD      net/xfrm/built-in.o
  CC      drivers/rtc/interface.o
  CC      net/wireless/sme.o
  CC      drivers/rtc/rtc-dev.o
  CC      drivers/rtc/rtc-proc.o
  CC      drivers/rtc/rtc-sysfs.o
  CC      drivers/rtc/rtc-mxc.o
  CC      drivers/rtc/rtc-mc13xxx.o
  CC      drivers/rtc/rtc-snvs.o
  LD      drivers/rtc/rtc-core.o
  CC      net/wireless/chan.o
  CC      drivers/scsi/scsi.o
  LD      drivers/rtc/built-in.o
  CC      drivers/spi/spi.o
  CC      net/wireless/ethtool.o
  CC      drivers/scsi/hosts.o
  CC      net/wireless/mesh.o
  CC      net/wireless/ap.o
  CC      drivers/spi/spi-bitbang.o
  CC      drivers/spi/spi-imx.o
  CC      net/wireless/trace.o
  CC      net/wireless/ocb.o
  CC      drivers/scsi/scsi_ioctl.o
  CC      drivers/scsi/scsicam.o
  LD      drivers/spi/built-in.o
  CC      drivers/staging/staging.o
  LD      net/wireless/cfg80211.o
  LD      net/wireless/built-in.o
  LD      net/built-in.o
  CC      drivers/thermal/thermal_core.o
  LD      drivers/staging/built-in.o
  CC      drivers/scsi/scsi_error.o
  CC      drivers/tty/tty_io.o
  CC      drivers/scsi/scsi_lib.o
  CC      drivers/thermal/of-thermal.o
  CC      drivers/scsi/constants.o
  CC      drivers/scsi/scsi_lib_dma.o
  CC      drivers/tty/n_tty.o
  CC      drivers/thermal/step_wise.o
  CC      drivers/thermal/cpu_cooling.o
  CC      drivers/scsi/scsi_scan.o
  CC      drivers/scsi/scsi_sysfs.o
  CC      drivers/thermal/imx_thermal.o
  LD      drivers/thermal/thermal_sys.o
  LD      drivers/thermal/built-in.o
  CC      drivers/usb/chipidea/core.o
  CC      drivers/tty/tty_ioctl.o
  CC      drivers/scsi/scsi_devinfo.o
  CC      drivers/scsi/scsi_sysctl.o
  CC      drivers/scsi/scsi_trace.o
  CC      drivers/tty/tty_ldisc.o
  CC      drivers/usb/chipidea/otg.o
  CC      drivers/scsi/scsi_logging.o
  CC      drivers/scsi/scsi_pm.o
  CC      drivers/usb/chipidea/debug.o
  CC      drivers/tty/tty_buffer.o
  CC      drivers/usb/chipidea/udc.o
  CC      drivers/scsi/sd.o
  CC      drivers/usb/chipidea/host.o
  CC      drivers/tty/tty_port.o
  CC      drivers/usb/chipidea/ci_hdrc_usb2.o
  CC      drivers/tty/tty_mutex.o
  CC      drivers/usb/chipidea/ci_hdrc_msm.o
  CC      drivers/usb/chipidea/ci_hdrc_zevio.o
  CC      drivers/usb/chipidea/usbmisc_imx.o
  CC      drivers/usb/chipidea/ci_hdrc_imx.o
  CC      drivers/tty/tty_ldsem.o
  LD      drivers/scsi/scsi_mod.o
  LD      drivers/scsi/sd_mod.o
  LD      drivers/scsi/built-in.o
  CC      drivers/video/hdmi.o
  CC      drivers/tty/pty.o
  CC      drivers/video/backlight/lcd.o
  LD      drivers/usb/chipidea/ci_hdrc.o
  LD      drivers/usb/chipidea/built-in.o
  CC      drivers/usb/common/common.o
  CC      drivers/video/console/dummycon.o
  CC      drivers/tty/sysrq.o
  CC      drivers/video/backlight/l4f00242t03.o
  LD      drivers/usb/common/usb-common.o
  LD      drivers/usb/common/built-in.o
  CC      drivers/video/console/fbcon.o
  CC      drivers/usb/core/usb.o
  CC      drivers/video/backlight/platform_lcd.o
  CC      drivers/tty/serial/serial_core.o
  CC      drivers/video/backlight/backlight.o
  CC      drivers/usb/core/hub.o
  CC      drivers/video/backlight/generic_bl.o
  CC      drivers/video/console/bitblit.o
  CC      drivers/tty/serial/imx.o
  CC      drivers/video/backlight/pwm_bl.o
  LD      drivers/video/backlight/built-in.o
  CC      drivers/video/fbdev/core/fb_notify.o
  CC      drivers/video/console/softcursor.o
  CC      drivers/video/fbdev/core/fb_cmdline.o
  CC      drivers/tty/serial/fsl_lpuart.o
  CC      drivers/usb/core/hcd.o
  LD      drivers/video/console/built-in.o
  CC      drivers/video/logo/logo.o
  CC      drivers/video/fbdev/core/fbmem.o
  CC      drivers/video/logo/logo_linux_mono.o
  CC      drivers/video/logo/logo_linux_vga16.o
  CC      drivers/video/logo/logo_linux_clut224.o
  LD      drivers/video/logo/built-in.o
  CC      drivers/video/display_timing.o
  LD      drivers/tty/serial/built-in.o
  CC      drivers/tty/vt/vt_ioctl.o
  CC      drivers/tty/vt/vc_screen.o
  CC      drivers/usb/core/urb.o
  CC      drivers/virtio/virtio.o
  CC      drivers/video/fbdev/core/fbmon.o
  CC      drivers/tty/vt/selection.o
  CC      drivers/usb/core/message.o
  CC      drivers/virtio/virtio_ring.o
  CC      drivers/tty/vt/keyboard.o
  CC      drivers/video/fbdev/core/fbcmap.o
  LD      drivers/virtio/built-in.o
  CC      drivers/video/fbdev/core/fbsysfs.o
  CC      drivers/usb/core/driver.o
  CC      drivers/video/fbdev/core/modedb.o
  CC      drivers/video/fbdev/core/fbcvt.o
  CC      drivers/tty/vt/consolemap.o
  CC      drivers/video/fbdev/core/cfbfillrect.o
  CC      drivers/usb/core/config.o
  CC      drivers/usb/core/file.o
  CC      drivers/tty/vt/consolemap_deftbl.o
  CC      drivers/tty/vt/vt.o
  CC      drivers/video/fbdev/core/cfbcopyarea.o
  CC      drivers/usb/core/buffer.o
  CC      drivers/usb/core/sysfs.o
  CC      drivers/usb/core/endpoint.o
  CC      drivers/video/fbdev/core/cfbimgblt.o
  CC      drivers/usb/core/devio.o
  CC      drivers/usb/core/notify.o
  LD      drivers/video/fbdev/core/fb.o
  LD      drivers/video/fbdev/core/built-in.o
  CC      drivers/video/fbdev/mxc/mxc_edid.o
  CC      drivers/watchdog/watchdog_core.o
  CC      drivers/watchdog/watchdog_dev.o
  CC      drivers/tty/vt/defkeymap.o
  CC      drivers/watchdog/imx2_wdt.o
  CC      drivers/usb/core/generic.o
  CC      drivers/video/fbdev/mxc/mxc_dispdrv.o
  LD      drivers/tty/vt/built-in.o
  LD      drivers/tty/built-in.o
  CC      drivers/usb/core/quirks.o
  LD      drivers/watchdog/watchdog.o
  LD      drivers/watchdog/built-in.o
  CC      drivers/usb/core/devices.o
  CC      drivers/video/fbdev/mxc/mxc_lcdif.o
  CC      drivers/video/fbdev/mxc/mxc_ipuv3_fb.o
  CC      drivers/usb/core/port.o
  CC      drivers/usb/gadget/config.o
  CC      drivers/usb/gadget/usbstring.o
  LD      drivers/usb/core/usbcore.o
  LD      drivers/usb/core/built-in.o
  CC      drivers/usb/host/ehci-hcd.o
  CC      drivers/usb/gadget/epautoconf.o
  CC      drivers/usb/gadget/composite.o
  CC      drivers/usb/gadget/functions.o
  LD      drivers/video/fbdev/mxc/built-in.o
  CC      drivers/video/fbdev/mx3fb.o
  CC      drivers/usb/gadget/configfs.o
  CC      drivers/video/fbdev/mxsfb.o
  CC      drivers/usb/gadget/u_f.o
  CC      drivers/usb/gadget/function/f_mass_storage.o
  CC      drivers/usb/gadget/legacy/mass_storage.o
  LD      drivers/video/fbdev/built-in.o
  CC      drivers/video/videomode.o
  CC      drivers/video/of_display_timing.o
  LD      drivers/usb/gadget/legacy/g_mass_storage.o
  LD      drivers/usb/gadget/legacy/built-in.o
  CC      drivers/usb/gadget/udc/udc-core.o
  CC      drivers/usb/host/ehci-mxc.o
  CC      drivers/video/of_videomode.o
  LD      drivers/usb/host/built-in.o
  CC      drivers/usb/phy/phy.o
  LD      drivers/video/built-in.o
  CC      drivers/usb/gadget/function/storage_common.o
  LD      drivers/usb/gadget/udc/built-in.o
  CC      drivers/usb/phy/of.o
  CC      drivers/usb/phy/phy-generic.o
  CC      drivers/usb/phy/phy-mxs-usb.o
  CC      drivers/usb/storage/scsiglue.o
  LD      drivers/usb/gadget/function/usb_f_mass_storage.o
  LD      drivers/usb/gadget/function/built-in.o
  LD      drivers/usb/gadget/libcomposite.o
  LD      drivers/usb/gadget/built-in.o
  CC      drivers/usb/storage/protocol.o
  CC      drivers/usb/storage/transport.o
  LD      drivers/usb/phy/built-in.o
  CC      drivers/usb/storage/usb.o
  CC      drivers/usb/storage/initializers.o
  CC      drivers/usb/storage/sierra_ms.o
  CC      drivers/usb/storage/option_ms.o
  CC      drivers/usb/storage/usual-tables.o
  LD      drivers/usb/storage/usb-storage.o
  LD      drivers/usb/storage/built-in.o
  LD      drivers/usb/built-in.o
  LD      drivers/built-in.o
