[1;33mGenerating CMake toolchain file...[0m
[0;32mToolchain file created: /home/xiao/project/vehicle-system/Middleware/toolchain.cmake[0m
[1;33mBuilding Applications...[0m
-- Configuring body_control application
-- Middleware include path: /home/xiao/project/vehicle-system/output/middleware/include
-- Middleware library: /home/xiao/project/vehicle-system/output/middleware/lib/libVehicleMiddleware.a
-- Configuring powertrain application
-- Middleware include path: /home/xiao/project/vehicle-system/output/middleware/include
-- Middleware library: /home/xiao/project/vehicle-system/output/middleware/lib/libVehicleMiddleware.a
-- Configuring done (0.0s)
-- Generating done (0.0s)
-- Build files have been written to: /home/xiao/project/vehicle-system/app/build
[ 16%] Building CXX object brake_system/CMakeFiles/powertrain.dir/powertrain.cpp.o
[ 33%] Building CXX object dashboard/CMakeFiles/dashboard.dir/dashboard.cpp.o
[ 50%] Building CXX object body_control/CMakeFiles/body_control.dir/body_control.cpp.o
/home/xiao/project/vehicle-system/app/brake_system/powertrain.cpp: In function ‘int main()’:
/home/xiao/project/vehicle-system/app/brake_system/powertrain.cpp:214:45: error: ‘SignalValue’ was not declared in this scope
             std::unordered_map<std::string, SignalValue> engine_signals;
                                             ^
/home/xiao/project/vehicle-system/app/brake_system/powertrain.cpp:214:56: error: template argument 2 is invalid
             std::unordered_map<std::string, SignalValue> engine_signals;
                                                        ^
/home/xiao/project/vehicle-system/app/brake_system/powertrain.cpp:214:56: error: template argument 5 is invalid
/home/xiao/project/vehicle-system/app/brake_system/powertrain.cpp:214:72: error: invalid type in declaration before ‘;’ token
             std::unordered_map<std::string, SignalValue> engine_signals;
                                                                        ^
/home/xiao/project/vehicle-system/app/brake_system/powertrain.cpp:215:35: error: assignment of read-only location ‘"RPM"[engine_signals]’
             engine_signals["RPM"] = rpm;
                                   ^
/home/xiao/project/vehicle-system/app/brake_system/powertrain.cpp:216:37: error: assignment of read-only location ‘"SPEED"[engine_signals]’
             engine_signals["SPEED"] = speed;
                                     ^
/home/xiao/project/vehicle-system/app/brake_system/powertrain.cpp:217:44: error: assignment of read-only location ‘"COOLANT_TEMP"[engine_signals]’
             engine_signals["COOLANT_TEMP"] = coolant_temp;
                                            ^
/home/xiao/project/vehicle-system/app/brake_system/powertrain.cpp:218:44: error: assignment of read-only location ‘"THROTTLE_POS"[engine_signals]’
             engine_signals["THROTTLE_POS"] = throttle;
                                            ^
/home/xiao/project/vehicle-system/app/brake_system/powertrain.cpp:219:56: error: no matching function for call to ‘VehicleCommunicationAPI::sendMultipleSignals(int, int&)’
             api.sendMultipleSignals(100, engine_signals);
                                                        ^
/home/xiao/project/vehicle-system/app/brake_system/powertrain.cpp:219:56: note: candidate is:
In file included from /home/xiao/project/vehicle-system/app/brake_system/powertrain.cpp:1:0:
/home/xiao/project/vehicle-system/output/middleware/include/VehicleCommunicationAPI.h:97:10: note: bool VehicleCommunicationAPI::sendMultipleSignals(uint32_t, const std::unordered_map<std::basic_string<char>, CanMessageParser::SignalValue>&)
     bool sendMultipleSignals(uint32_t can_id, const std::unordered_map<std::string, SignalValue>& signals);
          ^
/home/xiao/project/vehicle-system/output/middleware/include/VehicleCommunicationAPI.h:97:10: note:   no known conversion for argument 2 from ‘int’ to ‘const std::unordered_map<std::basic_string<char>, CanMessageParser::SignalValue>&’
/home/xiao/project/vehicle-system/app/brake_system/powertrain.cpp:222:45: error: the value of ‘SignalValue’ is not usable in a constant expression
             std::unordered_map<std::string, SignalValue> gear_signals;
                                             ^
/home/xiao/project/vehicle-system/app/brake_system/powertrain.cpp:214:45: note: ‘SignalValue’ was not declared ‘constexpr’
             std::unordered_map<std::string, SignalValue> engine_signals;
                                             ^
/home/xiao/project/vehicle-system/app/brake_system/powertrain.cpp:222:56: error: type/value mismatch at argument 2 in template parameter list for ‘template<class _Key, class _Tp, class _Hash, class _Pred, class _Alloc> class std::unordered_map’
             std::unordered_map<std::string, SignalValue> gear_signals;
                                                        ^
/home/xiao/project/vehicle-system/app/brake_system/powertrain.cpp:222:56: error:   expected a type, got ‘SignalValue’
/home/xiao/project/vehicle-system/app/brake_system/powertrain.cpp:222:56: error: template argument 5 is invalid
/home/xiao/project/vehicle-system/app/brake_system/powertrain.cpp:222:70: error: invalid type in declaration before ‘;’ token
             std::unordered_map<std::string, SignalValue> gear_signals;
                                                                      ^
/home/xiao/project/vehicle-system/app/brake_system/powertrain.cpp:223:42: error: assignment of read-only location ‘"CURRENT_GEAR"[gear_signals]’
             gear_signals["CURRENT_GEAR"] = static_cast<int64_t>(gear);
                                          ^
/home/xiao/project/vehicle-system/app/brake_system/powertrain.cpp:224:39: error: assignment of read-only location ‘"GEAR_MODE"[gear_signals]’
             gear_signals["GEAR_MODE"] = static_cast<int64_t>(3); // D模式
                                       ^
/home/xiao/project/vehicle-system/app/brake_system/powertrain.cpp:225:54: error: no matching function for call to ‘VehicleCommunicationAPI::sendMultipleSignals(int, int&)’
             api.sendMultipleSignals(101, gear_signals);
                                                      ^
/home/xiao/project/vehicle-system/app/brake_system/powertrain.cpp:225:54: note: candidate is:
In file included from /home/xiao/project/vehicle-system/app/brake_system/powertrain.cpp:1:0:
/home/xiao/project/vehicle-system/output/middleware/include/VehicleCommunicationAPI.h:97:10: note: bool VehicleCommunicationAPI::sendMultipleSignals(uint32_t, const std::unordered_map<std::basic_string<char>, CanMessageParser::SignalValue>&)
     bool sendMultipleSignals(uint32_t can_id, const std::unordered_map<std::string, SignalValue>& signals);
          ^
/home/xiao/project/vehicle-system/output/middleware/include/VehicleCommunicationAPI.h:97:10: note:   no known conversion for argument 2 from ‘int’ to ‘const std::unordered_map<std::basic_string<char>, CanMessageParser::SignalValue>&’
/home/xiao/project/vehicle-system/app/brake_system/powertrain.cpp:228:45: error: the value of ‘SignalValue’ is not usable in a constant expression
             std::unordered_map<std::string, SignalValue> fuel_signals;
                                             ^
/home/xiao/project/vehicle-system/app/brake_system/powertrain.cpp:214:45: note: ‘SignalValue’ was not declared ‘constexpr’
             std::unordered_map<std::string, SignalValue> engine_signals;
                                             ^
/home/xiao/project/vehicle-system/app/brake_system/powertrain.cpp:228:56: error: type/value mismatch at argument 2 in template parameter list for ‘template<class _Key, class _Tp, class _Hash, class _Pred, class _Alloc> class std::unordered_map’
             std::unordered_map<std::string, SignalValue> fuel_signals;
                                                        ^
/home/xiao/project/vehicle-system/app/brake_system/powertrain.cpp:228:56: error:   expected a type, got ‘SignalValue’
/home/xiao/project/vehicle-system/app/brake_system/powertrain.cpp:228:56: error: template argument 5 is invalid
/home/xiao/project/vehicle-system/app/brake_system/powertrain.cpp:228:70: error: invalid type in declaration before ‘;’ token
             std::unordered_map<std::string, SignalValue> fuel_signals;
                                                                      ^
/home/xiao/project/vehicle-system/app/brake_system/powertrain.cpp:229:40: error: assignment of read-only location ‘"FUEL_LEVEL"[fuel_signals]’
             fuel_signals["FUEL_LEVEL"] = fuel_level;
                                        ^
/home/xiao/project/vehicle-system/app/brake_system/powertrain.cpp:230:46: error: assignment of read-only location ‘"FUEL_CONSUMPTION"[fuel_signals]’
             fuel_signals["FUEL_CONSUMPTION"] = fuel_consumption;
                                              ^
/home/xiao/project/vehicle-system/app/brake_system/powertrain.cpp:231:54: error: no matching function for call to ‘VehicleCommunicationAPI::sendMultipleSignals(int, int&)’
             api.sendMultipleSignals(102, fuel_signals);
                                                      ^
/home/xiao/project/vehicle-system/app/brake_system/powertrain.cpp:231:54: note: candidate is:
In file included from /home/xiao/project/vehicle-system/app/brake_system/powertrain.cpp:1:0:
/home/xiao/project/vehicle-system/output/middleware/include/VehicleCommunicationAPI.h:97:10: note: bool VehicleCommunicationAPI::sendMultipleSignals(uint32_t, const std::unordered_map<std::basic_string<char>, CanMessageParser::SignalValue>&)
     bool sendMultipleSignals(uint32_t can_id, const std::unordered_map<std::string, SignalValue>& signals);
          ^
/home/xiao/project/vehicle-system/output/middleware/include/VehicleCommunicationAPI.h:97:10: note:   no known conversion for argument 2 from ‘int’ to ‘const std::unordered_map<std::basic_string<char>, CanMessageParser::SignalValue>&’
/home/xiao/project/vehicle-system/app/brake_system/powertrain.cpp:244:11: error: expected primary-expression before ‘catch’
         } catch (const std::exception& e) {
           ^
/home/xiao/project/vehicle-system/app/brake_system/powertrain.cpp: At global scope:
/home/xiao/project/vehicle-system/app/brake_system/powertrain.cpp:252:5: error: ‘api’ does not name a type
     api.stop();
     ^
/home/xiao/project/vehicle-system/app/brake_system/powertrain.cpp:253:5: error: expected unqualified-id before ‘return’
     return 0;
     ^
/home/xiao/project/vehicle-system/app/brake_system/powertrain.cpp:254:1: error: expected declaration before ‘}’ token
 }
 ^
make[2]: *** [brake_system/CMakeFiles/powertrain.dir/build.make:76: brake_system/CMakeFiles/powertrain.dir/powertrain.cpp.o] Error 1
make[1]: *** [CMakeFiles/Makefile2:187: brake_system/CMakeFiles/powertrain.dir/all] Error 2
make[1]: *** Waiting for unfinished jobs....
[ 66%] Linking CXX executable body_control
[ 66%] Built target body_control
[ 83%] Linking CXX executable dashboard
[ 83%] Built target dashboard
make: *** [Makefile:136: all] Error 2
[0;31mError: Applications build failed[0m
