[1;33mGenerating CMake toolchain file...[0m
[0;32mToolchain file created: /home/xiao/project/vehicle-system/Middleware/toolchain.cmake[0m
[1;33mBuilding Middleware application...[0m
-- Configuring done (0.0s)
-- Generating done (0.0s)
-- Build files have been written to: /home/xiao/project/vehicle-system/Middleware/build
[ 18%] Built target CanController
[ 25%] Built target SharedMemory
[ 37%] Built target CanMessageParser
[ 50%] Built target TransportLayer
[ 56%] Building CXX object CMakeFiles/VehicleCommunicationAPI.dir/api/VehicleCommunicationAPI.cpp.o
[ 68%] Built target CANService
[ 81%] Built target can_service
[ 87%] Linking CXX static library lib/libVehicleCommunicationAPI.a
[100%] Built target VehicleCommunicationAPI
[ 12%] Built target SharedMemory
[ 25%] Built target CanMessageParser
[ 37%] Built target CanController
[ 50%] Built target TransportLayer
[ 62%] Built target CANService
[ 87%] Built target VehicleCommunicationAPI
[100%] Built target can_service
Install the project...
-- Install configuration: "Release"
-- Up-to-date: /home/xiao/project/vehicle-system/output/middleware/lib/libSharedMemory.a
-- Up-to-date: /home/xiao/project/vehicle-system/output/middleware/lib/libCanMessageParser.a
-- Up-to-date: /home/xiao/project/vehicle-system/output/middleware/lib/libCanController.a
-- Up-to-date: /home/xiao/project/vehicle-system/output/middleware/lib/libTransportLayer.a
-- Up-to-date: /home/xiao/project/vehicle-system/output/middleware/lib/libCANService.a
-- Installing: /home/xiao/project/vehicle-system/output/middleware/lib/libVehicleCommunicationAPI.a
-- Up-to-date: /home/xiao/project/vehicle-system/output/middleware/bin/can_service
-- Up-to-date: /home/xiao/project/vehicle-system/output/middleware/include
-- Up-to-date: /home/xiao/project/vehicle-system/output/middleware/include/CanController.h
-- Up-to-date: /home/xiao/project/vehicle-system/output/middleware/include/CanMessageParser.h
-- Up-to-date: /home/xiao/project/vehicle-system/output/middleware/include/VehicleCommunicationAPI.h
-- Up-to-date: /home/xiao/project/vehicle-system/output/middleware/include/CANService.h
-- Up-to-date: /home/xiao/project/vehicle-system/output/middleware/include/SharedMemoryPool.h
-- Up-to-date: /home/xiao/project/vehicle-system/output/middleware/include/TransportLayer.h
[0;32mMiddleware build completed.[0m
[0;32mMiddleware 文件已成功部署到 /nfsroot[0m
