[1;33mGenerating CMake toolchain file...[0m
[0;32mToolchain file created: /home/xiao/project/vehicle-system/Middleware/toolchain.cmake[0m
[1;33mBuilding Middleware application...[0m
-- Configuring done (0.0s)
-- Generating done (0.0s)
-- Build files have been written to: /home/xiao/project/vehicle-system/Middleware/build
[ 18%] Built target SharedMemory
[ 25%] Built target CanController
[ 50%] Built target TransportLayer
[ 50%] Built target CanMessageParser
[ 62%] Built target CANService
[ 68%] Building CXX object CMakeFiles/VehicleCommunicationAPI.dir/api/VehicleCommunicationAPI.cpp.o
[ 81%] Built target can_service
/home/xiao/project/vehicle-system/Middleware/api/VehicleCommunicationAPI.cpp: In member function ‘void VehicleCommunicationAPI::loadMessageDefinitions(const string&)’:
/home/xiao/project/vehicle-system/Middleware/api/VehicleCommunicationAPI.cpp:263:34: error: cannot bind ‘std::basic_istream<char>::__istream_type {aka std::basic_istream<char>}’ lvalue to ‘std::basic_istream<char>&&’
             if (!(iss >> bracket >> min_val >> pipe >> max_val >> bracket)) {
                                  ^
In file included from /home/xiao/project/vehicle-system/build/toolchains/gcc-linaro-4.9.4-2017.01-x86_64_arm-linux-gnueabihf/arm-linux-gnueabihf/include/c++/4.9.4/iostream:40:0,
                 from /home/xiao/project/vehicle-system/Middleware/api/../include/SharedMemoryPool.h:12,
                 from /home/xiao/project/vehicle-system/Middleware/api/../include/VehicleCommunicationAPI.h:3,
                 from /home/xiao/project/vehicle-system/Middleware/api/VehicleCommunicationAPI.cpp:1:
/home/xiao/project/vehicle-system/build/toolchains/gcc-linaro-4.9.4-2017.01-x86_64_arm-linux-gnueabihf/arm-linux-gnueabihf/include/c++/4.9.4/istream:872:5: note: initializing argument 1 of ‘std::basic_istream<_CharT, _Traits>& std::operator>>(std::basic_istream<_CharT, _Traits>&&, _Tp&) [with _CharT = char; _Traits = std::char_traits<char>; _Tp = int(int*) throw ()]’
     operator>>(basic_istream<_CharT, _Traits>&& __is, _Tp& __x)
     ^
make[2]: *** [CMakeFiles/VehicleCommunicationAPI.dir/build.make:76: CMakeFiles/VehicleCommunicationAPI.dir/api/VehicleCommunicationAPI.cpp.o] Error 1
make[1]: *** [CMakeFiles/Makefile2:229: CMakeFiles/VehicleCommunicationAPI.dir/all] Error 2
make: *** [Makefile:136: all] Error 2
[0;31mError: Middleware build failed[0m
