[1;33mStarting build process...[0m
[1;33mBuilding U-Boot 2015.04...[0m
#
# configuration written to .config
#
make: arm-linux-gnueabihf-gcc: No such file or directory
/bin/sh: line 1: arm-linux-gnueabihf-gcc: command not found
dirname: missing operand
Try 'dirname --help' for more information.
scripts/kconfig/conf  --silentoldconfig Kconfig
  CHK     include/config.h
  GEN     include/autoconf.mk
  GEN     include/autoconf.mk.dep
/bin/sh: line 1: arm-linux-gnueabihf-gcc: command not found
/bin/sh: line 1: arm-linux-gnueabihf-gcc: command not found
make[1]: *** [scripts/Makefile.autoconf:50: include/autoconf.mk.dep] Error 1
make[1]: *** Waiting for unfinished jobs....
make[1]: *** [scripts/Makefile.autoconf:75: include/autoconf.mk] Error 1
make: *** No rule to make target 'include/config/auto.conf', needed by 'include/config/uboot.release'.  Stop.
[0;31mError: U-Boot build failed[0m
